<?xml version="1.0"?>
<link_info>
   <banner>TI ARM Linker PC v5.2.6</banner>
   <copyright>Copyright (c) 1996-2015 Texas Instruments Incorporated</copyright>
   <link_time>0x611e7469</link_time>
   <link_errors>0x0</link_errors>
   <output_file>BLEsensor_cc2650lp_stack.out</output_file>
   <entry_point>
      <name>startup_entry</name>
      <address>0x18001</address>
   </entry_point>
   <input_file_list>
      <input_file id="fl-24">
         <path>C:\ti\simplelink\ble_sdk_2_02_00_31\src\rom\ble_rom_releases\04242014\</path>
         <kind>object</kind>
         <file>ble_rom_patch.symbols</file>
         <name>ble_rom_patch.symbols</name>
      </input_file>
      <input_file id="fl-28">
         <path>C:\ti\simplelink\ble_sdk_2_02_00_31\blelib\host\</path>
         <kind>archive</kind>
         <file>host_xxbx.a</file>
         <name>gap_configmgr.o</name>
      </input_file>
      <input_file id="fl-29">
         <path>C:\ti\simplelink\ble_sdk_2_02_00_31\blelib\host\</path>
         <kind>archive</kind>
         <file>host_xxbx.a</file>
         <name>gap_devmgr.o</name>
      </input_file>
      <input_file id="fl-2a">
         <path>C:\ti\simplelink\ble_sdk_2_02_00_31\blelib\host\</path>
         <kind>archive</kind>
         <file>host_xxbx.a</file>
         <name>gap_peridevmgr.o</name>
      </input_file>
      <input_file id="fl-2b">
         <path>C:\ti\simplelink\ble_sdk_2_02_00_31\blelib\host\</path>
         <kind>archive</kind>
         <file>host_xxbx.a</file>
         <name>gap_simpletask.o</name>
      </input_file>
      <input_file id="fl-2c">
         <path>C:\ti\simplelink\ble_sdk_2_02_00_31\blelib\host\</path>
         <kind>archive</kind>
         <file>host_xxbx.a</file>
         <name>sm_mgr.o</name>
      </input_file>
      <input_file id="fl-2d">
         <path>C:\ti\simplelink\ble_sdk_2_02_00_31\blelib\host\</path>
         <kind>archive</kind>
         <file>host_xxbx.a</file>
         <name>sm_task.o</name>
      </input_file>
      <input_file id="fl-2e">
         <path>C:\ti\simplelink\ble_sdk_2_02_00_31\blelib\host\</path>
         <kind>archive</kind>
         <file>host_xxbx.a</file>
         <name>sm_pairing.o</name>
      </input_file>
      <input_file id="fl-2f">
         <path>C:\ti\simplelink\ble_sdk_2_02_00_31\blelib\host\</path>
         <kind>archive</kind>
         <file>host_xxbx.a</file>
         <name>smp.o</name>
      </input_file>
      <input_file id="fl-30">
         <path>C:\ti\simplelink\ble_sdk_2_02_00_31\blelib\ctrl\cc2640\</path>
         <kind>archive</kind>
         <file>cc2640_ctrl_xxbx.a</file>
         <name>ble_patch.o</name>
      </input_file>
      <input_file id="fl-31">
         <path>C:\ti\simplelink\ble_sdk_2_02_00_31\blelib\ctrl\cc2640\</path>
         <kind>archive</kind>
         <file>cc2640_ctrl_xxbx.a</file>
         <name>hci_event_patch.o</name>
      </input_file>
      <input_file id="fl-32">
         <path>C:\ti\simplelink\ble_sdk_2_02_00_31\blelib\ctrl\cc2640\</path>
         <kind>archive</kind>
         <file>cc2640_ctrl_xxbx.a</file>
         <name>hci_patch.o</name>
      </input_file>
      <input_file id="fl-33">
         <path>C:\ti\simplelink\ble_sdk_2_02_00_31\blelib\ctrl\cc2640\</path>
         <kind>archive</kind>
         <file>cc2640_ctrl_xxbx.a</file>
         <name>ll_adv_end_causes_patch.o</name>
      </input_file>
      <input_file id="fl-34">
         <path>C:\ti\simplelink\ble_sdk_2_02_00_31\blelib\ctrl\cc2640\</path>
         <kind>archive</kind>
         <file>cc2640_ctrl_xxbx.a</file>
         <name>ll_common_patch.o</name>
      </input_file>
      <input_file id="fl-35">
         <path>C:\ti\simplelink\ble_sdk_2_02_00_31\blelib\ctrl\cc2640\</path>
         <kind>archive</kind>
         <file>cc2640_ctrl_xxbx.a</file>
         <name>ll_config.o</name>
      </input_file>
      <input_file id="fl-36">
         <path>C:\ti\simplelink\ble_sdk_2_02_00_31\blelib\ctrl\cc2640\</path>
         <kind>archive</kind>
         <file>cc2640_ctrl_xxbx.a</file>
         <name>ll_patch.o</name>
      </input_file>
      <input_file id="fl-37">
         <path>C:\ti\simplelink\ble_sdk_2_02_00_31\blelib\ctrl\cc2640\</path>
         <kind>archive</kind>
         <file>cc2640_ctrl_xxbx.a</file>
         <name>ll_rat_patch.o</name>
      </input_file>
      <input_file id="fl-38">
         <path>C:\ti\simplelink\ble_sdk_2_02_00_31\blelib\ctrl\cc2640\</path>
         <kind>archive</kind>
         <file>cc2640_ctrl_xxbx.a</file>
         <name>ll_scheduler_patch.o</name>
      </input_file>
      <input_file id="fl-39">
         <path>C:\ti\simplelink\ble_sdk_2_02_00_31\blelib\ctrl\cc2640\</path>
         <kind>archive</kind>
         <file>cc2640_ctrl_xxbx.a</file>
         <name>ll_sleep.o</name>
      </input_file>
      <input_file id="fl-3a">
         <path>C:\ti\simplelink\ble_sdk_2_02_00_31\blelib\ctrl\cc2640\</path>
         <kind>archive</kind>
         <file>cc2640_ctrl_xxbx.a</file>
         <name>ll_isr.o</name>
      </input_file>
      <input_file id="fl-3b">
         <path>C:\ti\simplelink\ble_sdk_2_02_00_31\blelib\hci_tl\cc26xx\</path>
         <kind>archive</kind>
         <file>cc26xx_hci_tl_none.a</file>
         <name>hci_tl.o</name>
      </input_file>
      <input_file id="fl-15d">
         <path>C:\ti\ccsv7\tools\compiler\ti-cgt-arm_5.2.6\lib\</path>
         <kind>archive</kind>
         <file>rtsv7M3_T_le_eabi.lib</file>
         <name>autoinit.obj</name>
      </input_file>
      <input_file id="fl-162">
         <path>C:\ti\ccsv7\tools\compiler\ti-cgt-arm_5.2.6\lib\</path>
         <kind>archive</kind>
         <file>rtsv7M3_T_le_eabi.lib</file>
         <name>ll_mul_t2.obj</name>
      </input_file>
      <input_file id="fl-165">
         <path>C:\ti\ccsv7\tools\compiler\ti-cgt-arm_5.2.6\lib\</path>
         <kind>archive</kind>
         <file>rtsv7M3_T_le_eabi.lib</file>
         <name>memcpy_t2.obj</name>
      </input_file>
      <input_file id="fl-166">
         <path>C:\ti\ccsv7\tools\compiler\ti-cgt-arm_5.2.6\lib\</path>
         <kind>archive</kind>
         <file>rtsv7M3_T_le_eabi.lib</file>
         <name>memset_t2.obj</name>
      </input_file>
      <input_file id="fl-168">
         <path>C:\ti\ccsv7\tools\compiler\ti-cgt-arm_5.2.6\lib\</path>
         <kind>archive</kind>
         <file>rtsv7M3_T_le_eabi.lib</file>
         <name>ull_div_t2.obj</name>
      </input_file>
      <input_file id="fl-169">
         <path>C:\ti\tirtos_cc13xx_cc26xx_2_18_00_03\products\cc26xxware_2_23_03_17162\driverlib\bin\ccs\</path>
         <kind>archive</kind>
         <file>driverlib.lib</file>
         <name>cpu.obj</name>
      </input_file>
      <input_file id="fl-16e">
         <path>C:\Users\Olive\AppData\Local\Temp\</path>
         <kind>object</kind>
         <file>117442</file>
         <name>117442</name>
      </input_file>
   </input_file_list>
   <object_component_list>
      <object_component id="oc-28">
         <name>EntrySection</name>
         <load_address>0x18000</load_address>
         <run_address>0x18000</run_address>
         <size>0x2c</size>
         <input_file_ref idref="fl-15"/>
      </object_component>
      <object_component id="oc-6c1">
         <name>.tramp.__TI_auto_init.1</name>
         <load_address>0x1802c</load_address>
         <run_address>0x1802c</run_address>
         <size>0x8</size>
         <input_file_ref idref="fl-15d"/>
      </object_component>
      <object_component id="oc-6c2">
         <name>.tramp.CommonROM_Init.1</name>
         <load_address>0x18034</load_address>
         <run_address>0x18034</run_address>
         <size>0x8</size>
         <input_file_ref idref="fl-16e"/>
      </object_component>
      <object_component id="oc-6c3">
         <name>.tramp.ROM_Init.1</name>
         <load_address>0x1803c</load_address>
         <run_address>0x1803c</run_address>
         <size>0x8</size>
         <input_file_ref idref="fl-16e"/>
      </object_component>
      <object_component id="oc-6c4">
         <name>.tramp.stack_main.1</name>
         <load_address>0x18044</load_address>
         <run_address>0x18044</run_address>
         <size>0x8</size>
         <input_file_ref idref="fl-16e"/>
      </object_component>
      <object_component id="oc-401">
         <name>.text</name>
         <load_address>0x1804c</load_address>
         <run_address>0x1804c</run_address>
         <size>0x320</size>
         <input_file_ref idref="fl-28"/>
      </object_component>
      <object_component id="oc-5d8">
         <name>.text</name>
         <load_address>0x1836c</load_address>
         <run_address>0x1836c</run_address>
         <size>0xb0</size>
         <input_file_ref idref="fl-29"/>
      </object_component>
      <object_component id="oc-461">
         <name>.text</name>
         <load_address>0x1841c</load_address>
         <run_address>0x1841c</run_address>
         <size>0x680</size>
         <input_file_ref idref="fl-2a"/>
      </object_component>
      <object_component id="oc-1f8">
         <name>.text</name>
         <load_address>0x18a9c</load_address>
         <run_address>0x18a9c</run_address>
         <size>0x134</size>
         <input_file_ref idref="fl-2b"/>
      </object_component>
      <object_component id="oc-573">
         <name>.text</name>
         <load_address>0x18bd0</load_address>
         <run_address>0x18bd0</run_address>
         <size>0x320</size>
         <input_file_ref idref="fl-2c"/>
      </object_component>
      <object_component id="oc-24b">
         <name>.text</name>
         <load_address>0x18ef0</load_address>
         <run_address>0x18ef0</run_address>
         <size>0x128</size>
         <input_file_ref idref="fl-30"/>
      </object_component>
      <object_component id="oc-313">
         <name>.text</name>
         <load_address>0x19018</load_address>
         <run_address>0x19018</run_address>
         <size>0x3e4</size>
         <input_file_ref idref="fl-31"/>
      </object_component>
      <object_component id="oc-2c3">
         <name>.text</name>
         <load_address>0x193fc</load_address>
         <run_address>0x193fc</run_address>
         <size>0x238</size>
         <input_file_ref idref="fl-32"/>
      </object_component>
      <object_component id="oc-35d">
         <name>.text</name>
         <load_address>0x19634</load_address>
         <run_address>0x19634</run_address>
         <size>0xcc</size>
         <input_file_ref idref="fl-33"/>
      </object_component>
      <object_component id="oc-362">
         <name>.text</name>
         <load_address>0x19700</load_address>
         <run_address>0x19700</run_address>
         <size>0x2ce</size>
         <input_file_ref idref="fl-34"/>
      </object_component>
      <object_component id="oc-165">
         <name>.text</name>
         <load_address>0x199d0</load_address>
         <run_address>0x199d0</run_address>
         <size>0x116c</size>
         <input_file_ref idref="fl-36"/>
      </object_component>
      <object_component id="oc-397">
         <name>.text</name>
         <load_address>0x1ab3c</load_address>
         <run_address>0x1ab3c</run_address>
         <size>0x10</size>
         <input_file_ref idref="fl-37"/>
      </object_component>
      <object_component id="oc-33d">
         <name>.text</name>
         <load_address>0x1ab4c</load_address>
         <run_address>0x1ab4c</run_address>
         <size>0x178</size>
         <input_file_ref idref="fl-38"/>
      </object_component>
      <object_component id="oc-288">
         <name>.text</name>
         <load_address>0x1acc4</load_address>
         <run_address>0x1acc4</run_address>
         <size>0x46</size>
         <input_file_ref idref="fl-39"/>
      </object_component>
      <object_component id="oc-3be">
         <name>.text</name>
         <load_address>0x1ad0c</load_address>
         <run_address>0x1ad0c</run_address>
         <size>0x1dc</size>
         <input_file_ref idref="fl-3a"/>
      </object_component>
      <object_component id="oc-1d5">
         <name>.text</name>
         <load_address>0x1aee8</load_address>
         <run_address>0x1aee8</run_address>
         <size>0xa8</size>
         <input_file_ref idref="fl-3b"/>
      </object_component>
      <object_component id="oc-49">
         <name>.text</name>
         <load_address>0x1af90</load_address>
         <run_address>0x1af90</run_address>
         <size>0x6c</size>
         <input_file_ref idref="fl-15d"/>
      </object_component>
      <object_component id="oc-3ac">
         <name>.text</name>
         <load_address>0x1affc</load_address>
         <run_address>0x1affc</run_address>
         <size>0x18</size>
         <input_file_ref idref="fl-162"/>
      </object_component>
      <object_component id="oc-2e">
         <name>.text</name>
         <load_address>0x1b014</load_address>
         <run_address>0x1b014</run_address>
         <size>0x9c</size>
         <input_file_ref idref="fl-165"/>
      </object_component>
      <object_component id="oc-43">
         <name>.text</name>
         <load_address>0x1b0b0</load_address>
         <run_address>0x1b0b0</run_address>
         <size>0x7a</size>
         <input_file_ref idref="fl-166"/>
      </object_component>
      <object_component id="oc-3a7">
         <name>.text</name>
         <load_address>0x1b12a</load_address>
         <run_address>0x1b12a</run_address>
         <size>0x1f4</size>
         <input_file_ref idref="fl-168"/>
      </object_component>
      <object_component id="oc-149">
         <name>.text:NOROM_CPUcpsie</name>
         <load_address>0x1b31e</load_address>
         <run_address>0x1b31e</run_address>
         <size>0xc</size>
         <input_file_ref idref="fl-169"/>
      </object_component>
      <object_component id="oc-143">
         <name>.text:NOROM_CPUcpsid</name>
         <load_address>0x1b32a</load_address>
         <run_address>0x1b32a</run_address>
         <size>0xc</size>
         <input_file_ref idref="fl-169"/>
      </object_component>
      <object_component id="oc-26a">
         <name>.text</name>
         <load_address>0x1b338</load_address>
         <run_address>0x1b338</run_address>
         <size>0x248</size>
         <input_file_ref idref="fl-11"/>
      </object_component>
      <object_component id="oc-518">
         <name>.text:NOROM_TRNGConfigure</name>
         <load_address>0x1b580</load_address>
         <run_address>0x1b580</run_address>
         <size>0x24</size>
         <input_file_ref idref="fl-16c"/>
      </object_component>
      <object_component id="oc-282">
         <name>.text</name>
         <load_address>0x1b5a4</load_address>
         <run_address>0x1b5a4</run_address>
         <size>0x60</size>
         <input_file_ref idref="fl-6"/>
      </object_component>
      <object_component id="oc-27c">
         <name>.text:NOROM_IntDisable</name>
         <load_address>0x1b604</load_address>
         <run_address>0x1b604</run_address>
         <size>0x68</size>
         <input_file_ref idref="fl-16b"/>
      </object_component>
      <object_component id="oc-276">
         <name>.text:NOROM_IntEnable</name>
         <load_address>0x1b66c</load_address>
         <run_address>0x1b66c</run_address>
         <size>0x5c</size>
         <input_file_ref idref="fl-16b"/>
      </object_component>
      <object_component id="oc-55">
         <name>.text</name>
         <load_address>0x1b6c8</load_address>
         <run_address>0x1b6c8</run_address>
         <size>0x68</size>
         <input_file_ref idref="fl-17"/>
      </object_component>
      <object_component id="oc-270">
         <name>.text</name>
         <load_address>0x1b730</load_address>
         <run_address>0x1b730</run_address>
         <size>0x14</size>
         <input_file_ref idref="fl-18"/>
      </object_component>
      <object_component id="oc-245">
         <name>.text</name>
         <load_address>0x1b744</load_address>
         <run_address>0x1b744</run_address>
         <size>0xcc</size>
         <input_file_ref idref="fl-b"/>
      </object_component>
      <object_component id="oc-15f">
         <name>.text</name>
         <load_address>0x1b810</load_address>
         <run_address>0x1b810</run_address>
         <size>0x740</size>
         <input_file_ref idref="fl-a"/>
      </object_component>
      <object_component id="oc-153">
         <name>.text</name>
         <load_address>0x1bf50</load_address>
         <run_address>0x1bf50</run_address>
         <size>0x34</size>
         <input_file_ref idref="fl-3"/>
      </object_component>
      <object_component id="oc-1f2">
         <name>.text</name>
         <load_address>0x1bf84</load_address>
         <run_address>0x1bf84</run_address>
         <size>0xac</size>
         <input_file_ref idref="fl-c"/>
      </object_component>
      <object_component id="oc-215">
         <name>.text</name>
         <load_address>0x1c030</load_address>
         <run_address>0x1c030</run_address>
         <size>0x538</size>
         <input_file_ref idref="fl-8"/>
      </object_component>
      <object_component id="oc-4dc">
         <name>.text</name>
         <load_address>0x1c568</load_address>
         <run_address>0x1c568</run_address>
         <size>0x58</size>
         <input_file_ref idref="fl-4"/>
      </object_component>
      <object_component id="oc-221">
         <name>.text</name>
         <load_address>0x1c5c0</load_address>
         <run_address>0x1c5c0</run_address>
         <size>0x47c</size>
         <input_file_ref idref="fl-10"/>
      </object_component>
      <object_component id="oc-4e2">
         <name>.text:NOROM_VIMSModeGet</name>
         <load_address>0x1ca3c</load_address>
         <run_address>0x1ca3c</run_address>
         <size>0x14</size>
         <input_file_ref idref="fl-16d"/>
      </object_component>
      <object_component id="oc-639">
         <name>.text:NOROM_FlashProgram</name>
         <load_address>0x1ca50</load_address>
         <run_address>0x1ca50</run_address>
         <size>0x1c</size>
         <input_file_ref idref="fl-16a"/>
      </object_component>
      <object_component id="oc-4e8">
         <name>.text</name>
         <load_address>0x1ca6c</load_address>
         <run_address>0x1ca6c</run_address>
         <size>0x22</size>
         <input_file_ref idref="fl-164"/>
      </object_component>
      <object_component id="oc-4ee">
         <name>.text:NOROM_FlashSectorErase</name>
         <load_address>0x1ca90</load_address>
         <run_address>0x1ca90</run_address>
         <size>0x1c</size>
         <input_file_ref idref="fl-16a"/>
      </object_component>
      <object_component id="oc-4cb">
         <name>.text</name>
         <load_address>0x1caac</load_address>
         <run_address>0x1caac</run_address>
         <size>0x22</size>
         <input_file_ref idref="fl-12"/>
      </object_component>
      <object_component id="oc-264">
         <name>.text</name>
         <load_address>0x1cad0</load_address>
         <run_address>0x1cad0</run_address>
         <size>0xa0</size>
         <input_file_ref idref="fl-f"/>
      </object_component>
      <object_component id="oc-159">
         <name>.text</name>
         <load_address>0x1cb70</load_address>
         <run_address>0x1cb70</run_address>
         <size>0x44</size>
         <input_file_ref idref="fl-e"/>
      </object_component>
      <object_component id="oc-4f">
         <name>.text</name>
         <load_address>0x1cbb4</load_address>
         <run_address>0x1cbb4</run_address>
         <size>0x30</size>
         <input_file_ref idref="fl-14"/>
      </object_component>
      <object_component id="oc-21b">
         <name>.text</name>
         <load_address>0x1cbe4</load_address>
         <run_address>0x1cbe4</run_address>
         <size>0x34</size>
         <input_file_ref idref="fl-13"/>
      </object_component>
      <object_component id="oc-5b">
         <name>.text</name>
         <load_address>0x1cc18</load_address>
         <run_address>0x1cc18</run_address>
         <size>0xfc</size>
         <input_file_ref idref="fl-16"/>
      </object_component>
      <object_component id="oc-3b1">
         <name>.text</name>
         <load_address>0x1cd14</load_address>
         <run_address>0x1cd14</run_address>
         <size>0x68</size>
         <input_file_ref idref="fl-d"/>
      </object_component>
      <object_component id="oc-132">
         <name>.text</name>
         <load_address>0x1cd7c</load_address>
         <run_address>0x1cd7c</run_address>
         <size>0x4c</size>
         <input_file_ref idref="fl-161"/>
      </object_component>
      <object_component id="oc-22">
         <name>.text:decompress:ZI</name>
         <load_address>0x1cdc8</load_address>
         <run_address>0x1cdc8</run_address>
         <size>0xc</size>
         <input_file_ref idref="fl-160"/>
      </object_component>
      <object_component id="oc-3c">
         <name>.text</name>
         <load_address>0x1cdd4</load_address>
         <run_address>0x1cdd4</run_address>
         <size>0x6a</size>
         <input_file_ref idref="fl-15f"/>
      </object_component>
      <object_component id="oc-1c">
         <name>.text:decompress:rle24</name>
         <load_address>0x1ce3e</load_address>
         <run_address>0x1ce3e</run_address>
         <size>0x6</size>
         <input_file_ref idref="fl-15f"/>
      </object_component>
      <object_component id="oc-16">
         <name>.text:decompress:none</name>
         <load_address>0x1ce44</load_address>
         <run_address>0x1ce44</run_address>
         <size>0xe</size>
         <input_file_ref idref="fl-15e"/>
      </object_component>
      <object_component id="oc-6c6">
         <name>.tramp.HCI_ReadBDADDRCmd.1</name>
         <load_address>0x1ce54</load_address>
         <run_address>0x1ce54</run_address>
         <size>0x8</size>
         <input_file_ref idref="fl-24"/>
      </object_component>
      <object_component id="oc-6d2">
         <name>.tramp.HCI_LE_SetRandomAddressCmd.1</name>
         <load_address>0x1ce5c</load_address>
         <run_address>0x1ce5c</run_address>
         <size>0x8</size>
         <input_file_ref idref="fl-24"/>
      </object_component>
      <object_component id="oc-6d6">
         <name>.tramp.LL_ReadBDADDR.1</name>
         <load_address>0x1ce64</load_address>
         <run_address>0x1ce64</run_address>
         <size>0x8</size>
         <input_file_ref idref="fl-24"/>
      </object_component>
      <object_component id="oc-6d9">
         <name>.tramp.HCI_LE_SetAdvDataCmd.1</name>
         <load_address>0x1ce6c</load_address>
         <run_address>0x1ce6c</run_address>
         <size>0x8</size>
         <input_file_ref idref="fl-24"/>
      </object_component>
      <object_component id="oc-6da">
         <name>.tramp.HCI_LE_SetScanRspDataCmd.1</name>
         <load_address>0x1ce74</load_address>
         <run_address>0x1ce74</run_address>
         <size>0x8</size>
         <input_file_ref idref="fl-24"/>
      </object_component>
      <object_component id="oc-6db">
         <name>.tramp.HCI_LE_SetAdvEnableCmd.1</name>
         <load_address>0x1ce7c</load_address>
         <run_address>0x1ce7c</run_address>
         <size>0x8</size>
         <input_file_ref idref="fl-24"/>
      </object_component>
      <object_component id="oc-6de">
         <name>.tramp.HCI_LE_SetAdvParamCmd.1</name>
         <load_address>0x1ce84</load_address>
         <run_address>0x1ce84</run_address>
         <size>0x8</size>
         <input_file_ref idref="fl-24"/>
      </object_component>
      <object_component id="oc-6e5">
         <name>.tramp.LL_Encrypt.1</name>
         <load_address>0x1ce8c</load_address>
         <run_address>0x1ce8c</run_address>
         <size>0x8</size>
         <input_file_ref idref="fl-24"/>
      </object_component>
      <object_component id="oc-6e6">
         <name>.tramp.llPatchCM0.1</name>
         <load_address>0x1ce94</load_address>
         <run_address>0x1ce94</run_address>
         <size>0x8</size>
         <input_file_ref idref="fl-24"/>
      </object_component>
      <object_component id="oc-6e7">
         <name>.tramp.RFHAL_AllocRatChan.1</name>
         <load_address>0x1ce9c</load_address>
         <run_address>0x1ce9c</run_address>
         <size>0x8</size>
         <input_file_ref idref="fl-24"/>
      </object_component>
      <object_component id="oc-6e8">
         <name>.tramp.RFHAL_RegisterRatChanCallback.1</name>
         <load_address>0x1cea4</load_address>
         <run_address>0x1cea4</run_address>
         <size>0x8</size>
         <input_file_ref idref="fl-24"/>
      </object_component>
      <object_component id="oc-6e9">
         <name>.tramp.HCI_SendCommandCompleteEvent.1</name>
         <load_address>0x1ceac</load_address>
         <run_address>0x1ceac</run_address>
         <size>0x8</size>
         <input_file_ref idref="fl-24"/>
      </object_component>
      <object_component id="oc-6eb">
         <name>.tramp.HCI_CommandCompleteEvent.1</name>
         <load_address>0x1ceb4</load_address>
         <run_address>0x1ceb4</run_address>
         <size>0x8</size>
         <input_file_ref idref="fl-24"/>
      </object_component>
      <object_component id="oc-6ee">
         <name>.tramp.LL_EXT_ResetSystem.1</name>
         <load_address>0x1cebc</load_address>
         <run_address>0x1cebc</run_address>
         <size>0x8</size>
         <input_file_ref idref="fl-24"/>
      </object_component>
      <object_component id="oc-6ef">
         <name>.tramp.LL_ReadLocalVersionInfo.1</name>
         <load_address>0x1cec4</load_address>
         <run_address>0x1cec4</run_address>
         <size>0x8</size>
         <input_file_ref idref="fl-24"/>
      </object_component>
      <object_component id="oc-6f2">
         <name>.tramp.LL_ENC_GeneratePseudoRandNum.1</name>
         <load_address>0x1cecc</load_address>
         <run_address>0x1cecc</run_address>
         <size>0x8</size>
         <input_file_ref idref="fl-24"/>
      </object_component>
      <object_component id="oc-6f3">
         <name>.tramp.llScheduler.1</name>
         <load_address>0x1ced4</load_address>
         <run_address>0x1ced4</run_address>
         <size>0x8</size>
         <input_file_ref idref="fl-24"/>
      </object_component>
      <object_component id="oc-6f4">
         <name>.tramp.llEventDelta.1</name>
         <load_address>0x1cedc</load_address>
         <run_address>0x1cedc</run_address>
         <size>0x8</size>
         <input_file_ref idref="fl-24"/>
      </object_component>
      <object_component id="oc-6f6">
         <name>.tramp.HCI_HardwareErrorEvent.1</name>
         <load_address>0x1cee4</load_address>
         <run_address>0x1cee4</run_address>
         <size>0x8</size>
         <input_file_ref idref="fl-24"/>
      </object_component>
      <object_component id="oc-6fa">
         <name>.tramp.llGetCurrentTask.1</name>
         <load_address>0x1ceec</load_address>
         <run_address>0x1ceec</run_address>
         <size>0x8</size>
         <input_file_ref idref="fl-24"/>
      </object_component>
      <object_component id="oc-6fc">
         <name>.tramp.WL_Init.1</name>
         <load_address>0x1cef4</load_address>
         <run_address>0x1cef4</run_address>
         <size>0x8</size>
         <input_file_ref idref="fl-24"/>
      </object_component>
      <object_component id="oc-6fd">
         <name>.tramp.LL_ENC_Init.1</name>
         <load_address>0x1cefc</load_address>
         <run_address>0x1cefc</run_address>
         <size>0x8</size>
         <input_file_ref idref="fl-24"/>
      </object_component>
      <object_component id="oc-6fe">
         <name>.tramp.LL_ClearWhiteList.1</name>
         <load_address>0x1cf04</load_address>
         <run_address>0x1cf04</run_address>
         <size>0x8</size>
         <input_file_ref idref="fl-24"/>
      </object_component>
      <object_component id="oc-700">
         <name>.tramp.LL_DirectTestEndDoneCback.1</name>
         <load_address>0x1cf0c</load_address>
         <run_address>0x1cf0c</run_address>
         <size>0x8</size>
         <input_file_ref idref="fl-24"/>
      </object_component>
      <object_component id="oc-702">
         <name>.tramp.llSetupAdv.1</name>
         <load_address>0x1cf14</load_address>
         <run_address>0x1cf14</run_address>
         <size>0x8</size>
         <input_file_ref idref="fl-24"/>
      </object_component>
      <object_component id="oc-704">
         <name>.tramp.llGetNumTasks.1</name>
         <load_address>0x1cf1c</load_address>
         <run_address>0x1cf1c</run_address>
         <size>0x8</size>
         <input_file_ref idref="fl-24"/>
      </object_component>
      <object_component id="oc-705">
         <name>.tramp.llFreeTask.1</name>
         <load_address>0x1cf24</load_address>
         <run_address>0x1cf24</run_address>
         <size>0x8</size>
         <input_file_ref idref="fl-24"/>
      </object_component>
      <object_component id="oc-708">
         <name>.tramp.LL_PseudoRand.1</name>
         <load_address>0x1cf2c</load_address>
         <run_address>0x1cf2c</run_address>
         <size>0x8</size>
         <input_file_ref idref="fl-24"/>
      </object_component>
      <object_component id="oc-724">
         <name>.tramp.HCI_LE_ReadLocalSupportedFeaturesCmd.1</name>
         <load_address>0x1cf34</load_address>
         <run_address>0x1cf34</run_address>
         <size>0x8</size>
         <input_file_ref idref="fl-24"/>
      </object_component>
      <object_component id="oc-719">
         <name>.tramp.HCI_EXT_SetLocalSupportedFeaturesCmd.1</name>
         <load_address>0x1cf3c</load_address>
         <run_address>0x1cf3c</run_address>
         <size>0x8</size>
         <input_file_ref idref="fl-24"/>
      </object_component>
      <object_component id="oc-715">
         <name>.tramp.HCI_EXT_EndModemTestCmd.1</name>
         <load_address>0x1cf44</load_address>
         <run_address>0x1cf44</run_address>
         <size>0x8</size>
         <input_file_ref idref="fl-24"/>
      </object_component>
      <object_component id="oc-713">
         <name>.tramp.HCI_EXT_EnablePTMCmd.1</name>
         <load_address>0x1cf4c</load_address>
         <run_address>0x1cf4c</run_address>
         <size>0x8</size>
         <input_file_ref idref="fl-24"/>
      </object_component>
      <object_component id="oc-710">
         <name>.tramp.HCI_EXT_BuildRevisionCmd.1</name>
         <load_address>0x1cf54</load_address>
         <run_address>0x1cf54</run_address>
         <size>0x8</size>
         <input_file_ref idref="fl-24"/>
      </object_component>
      <object_component id="oc-711">
         <name>.tramp.HCI_EXT_AdvEventNoticeCmd.1</name>
         <load_address>0x1cf5c</load_address>
         <run_address>0x1cf5c</run_address>
         <size>0x8</size>
         <input_file_ref idref="fl-24"/>
      </object_component>
      <object_component id="oc-712">
         <name>.tramp.HCI_EXT_SetMaxDtmTxPowerCmd.1</name>
         <load_address>0x1cf64</load_address>
         <run_address>0x1cf64</run_address>
         <size>0x8</size>
         <input_file_ref idref="fl-24"/>
      </object_component>
      <object_component id="oc-714">
         <name>.tramp.HCI_EXT_SetBDADDRCmd.1</name>
         <load_address>0x1cf6c</load_address>
         <run_address>0x1cf6c</run_address>
         <size>0x8</size>
         <input_file_ref idref="fl-24"/>
      </object_component>
      <object_component id="oc-716">
         <name>.tramp.HCI_EXT_ModemTestRxCmd.1</name>
         <load_address>0x1cf74</load_address>
         <run_address>0x1cf74</run_address>
         <size>0x8</size>
         <input_file_ref idref="fl-24"/>
      </object_component>
      <object_component id="oc-717">
         <name>.tramp.HCI_EXT_ModemHopTestTxCmd.1</name>
         <load_address>0x1cf7c</load_address>
         <run_address>0x1cf7c</run_address>
         <size>0x8</size>
         <input_file_ref idref="fl-24"/>
      </object_component>
      <object_component id="oc-718">
         <name>.tramp.HCI_EXT_ModemTestTxCmd.1</name>
         <load_address>0x1cf84</load_address>
         <run_address>0x1cf84</run_address>
         <size>0x8</size>
         <input_file_ref idref="fl-24"/>
      </object_component>
      <object_component id="oc-71a">
         <name>.tramp.HCI_EXT_DecryptCmd.1</name>
         <load_address>0x1cf8c</load_address>
         <run_address>0x1cf8c</run_address>
         <size>0x8</size>
         <input_file_ref idref="fl-24"/>
      </object_component>
      <object_component id="oc-71b">
         <name>.tramp.HCI_EXT_SetTxPowerCmd.1</name>
         <load_address>0x1cf94</load_address>
         <run_address>0x1cf94</run_address>
         <size>0x8</size>
         <input_file_ref idref="fl-24"/>
      </object_component>
      <object_component id="oc-71c">
         <name>.tramp.HCI_LE_TestEndCmd.1</name>
         <load_address>0x1cf9c</load_address>
         <run_address>0x1cf9c</run_address>
         <size>0x8</size>
         <input_file_ref idref="fl-24"/>
      </object_component>
      <object_component id="oc-71d">
         <name>.tramp.HCI_LE_ReadSupportedStatesCmd.1</name>
         <load_address>0x1cfa4</load_address>
         <run_address>0x1cfa4</run_address>
         <size>0x8</size>
         <input_file_ref idref="fl-24"/>
      </object_component>
      <object_component id="oc-71e">
         <name>.tramp.HCI_LE_EncryptCmd.1</name>
         <load_address>0x1cfac</load_address>
         <run_address>0x1cfac</run_address>
         <size>0x8</size>
         <input_file_ref idref="fl-24"/>
      </object_component>
      <object_component id="oc-71f">
         <name>.tramp.HCI_LE_RemoveWhiteListCmd.1</name>
         <load_address>0x1cfb4</load_address>
         <run_address>0x1cfb4</run_address>
         <size>0x8</size>
         <input_file_ref idref="fl-24"/>
      </object_component>
      <object_component id="oc-720">
         <name>.tramp.HCI_LE_AddWhiteListCmd.1</name>
         <load_address>0x1cfbc</load_address>
         <run_address>0x1cfbc</run_address>
         <size>0x8</size>
         <input_file_ref idref="fl-24"/>
      </object_component>
      <object_component id="oc-721">
         <name>.tramp.HCI_LE_ClearWhiteListCmd.1</name>
         <load_address>0x1cfc4</load_address>
         <run_address>0x1cfc4</run_address>
         <size>0x8</size>
         <input_file_ref idref="fl-24"/>
      </object_component>
      <object_component id="oc-722">
         <name>.tramp.HCI_LE_ReadWhiteListSizeCmd.1</name>
         <load_address>0x1cfcc</load_address>
         <run_address>0x1cfcc</run_address>
         <size>0x8</size>
         <input_file_ref idref="fl-24"/>
      </object_component>
      <object_component id="oc-723">
         <name>.tramp.HCI_LE_ReadAdvChanTxPowerCmd.1</name>
         <load_address>0x1cfd4</load_address>
         <run_address>0x1cfd4</run_address>
         <size>0x8</size>
         <input_file_ref idref="fl-24"/>
      </object_component>
      <object_component id="oc-725">
         <name>.tramp.HCI_ReadLocalSupportedFeaturesCmd.1</name>
         <load_address>0x1cfdc</load_address>
         <run_address>0x1cfdc</run_address>
         <size>0x8</size>
         <input_file_ref idref="fl-24"/>
      </object_component>
      <object_component id="oc-726">
         <name>.tramp.HCI_SetEventMaskCmd.1</name>
         <load_address>0x1cfe4</load_address>
         <run_address>0x1cfe4</run_address>
         <size>0x8</size>
         <input_file_ref idref="fl-24"/>
      </object_component>
      <object_component id="oc-3b7">
         <name>.const</name>
         <load_address>0x1cfec</load_address>
         <run_address>0x1cfec</run_address>
         <size>0x15</size>
         <input_file_ref idref="fl-16"/>
      </object_component>
      <object_component id="oc-13f">
         <name>.const</name>
         <load_address>0x1d004</load_address>
         <run_address>0x1d004</run_address>
         <size>0x10c</size>
         <input_file_ref idref="fl-14"/>
      </object_component>
      <object_component id="oc-14f">
         <name>.const</name>
         <load_address>0x1d110</load_address>
         <run_address>0x1d110</run_address>
         <size>0x5c4</size>
         <input_file_ref idref="fl-17"/>
      </object_component>
      <object_component id="oc-2ac">
         <name>.rodata</name>
         <load_address>0x1d6d4</load_address>
         <run_address>0x1d6d4</run_address>
         <size>0x5c</size>
         <input_file_ref idref="fl-35"/>
      </object_component>
      <object_component id="oc-4d4">
         <name>.rodata</name>
         <load_address>0x1d730</load_address>
         <run_address>0x1d730</run_address>
         <size>0x2</size>
         <input_file_ref idref="fl-36"/>
      </object_component>
      <object_component id="oc-6bd">
         <name>__TI_handler_table</name>
         <load_address>0x1d738</load_address>
         <run_address>0x1d738</run_address>
         <size>0xc</size>
      </object_component>
      <object_component id="oc-6be">
         <name>__TI_cinit_table</name>
         <load_address>0x1d744</load_address>
         <run_address>0x1d744</run_address>
         <size>0x10</size>
      </object_component>
      <object_component id="oc-6bf">
         <name>.cinit..data.load</name>
         <load_address>0x1d758</load_address>
         <run_address>0x1d758</run_address>
         <size>0x268</size>
      </object_component>
      <object_component id="oc-6c0">
         <name>.cinit..bss.load</name>
         <load_address>0x1d9c0</load_address>
         <run_address>0x1d9c0</run_address>
         <size>0x8</size>
      </object_component>
      <object_component id="oc-671">
         <name>.bss</name>
         <uninitialized>true</uninitialized>
         <run_address>0x200045f8</run_address>
         <size>0x4</size>
         <input_file_ref idref="fl-29"/>
      </object_component>
      <object_component id="oc-618">
         <name>.bss</name>
         <uninitialized>true</uninitialized>
         <run_address>0x200045fc</run_address>
         <size>0x4</size>
         <input_file_ref idref="fl-29"/>
      </object_component>
      <object_component id="oc-674">
         <name>.bss</name>
         <uninitialized>true</uninitialized>
         <run_address>0x20004600</run_address>
         <size>0x1</size>
         <input_file_ref idref="fl-29"/>
      </object_component>
      <object_component id="oc-61d">
         <name>.bss</name>
         <uninitialized>true</uninitialized>
         <run_address>0x20004602</run_address>
         <size>0x2</size>
         <input_file_ref idref="fl-2a"/>
      </object_component>
      <object_component id="oc-677">
         <name>.bss</name>
         <uninitialized>true</uninitialized>
         <run_address>0x20004604</run_address>
         <size>0x4</size>
         <input_file_ref idref="fl-2b"/>
      </object_component>
      <object_component id="oc-665">
         <name>.bss</name>
         <uninitialized>true</uninitialized>
         <run_address>0x20004601</run_address>
         <size>0x1</size>
         <input_file_ref idref="fl-2d"/>
      </object_component>
      <object_component id="oc-52d">
         <name>.bss</name>
         <uninitialized>true</uninitialized>
         <run_address>0x20004608</run_address>
         <size>0x10</size>
         <input_file_ref idref="fl-31"/>
      </object_component>
      <object_component id="oc-545">
         <name>.bss</name>
         <uninitialized>true</uninitialized>
         <run_address>0x20004618</run_address>
         <size>0x8</size>
         <input_file_ref idref="fl-36"/>
      </object_component>
      <object_component id="oc-29d">
         <name>.bss</name>
         <uninitialized>true</uninitialized>
         <run_address>0x20004620</run_address>
         <size>0x1</size>
         <input_file_ref idref="fl-3b"/>
      </object_component>
      <object_component id="oc-2a9">
         <name>.bss</name>
         <uninitialized>true</uninitialized>
         <run_address>0x20004621</run_address>
         <size>0x1</size>
         <input_file_ref idref="fl-3b"/>
      </object_component>
      <object_component id="oc-2a3">
         <name>.bss</name>
         <uninitialized>true</uninitialized>
         <run_address>0x20004622</run_address>
         <size>0x1</size>
         <input_file_ref idref="fl-3b"/>
      </object_component>
      <object_component id="oc-2a0">
         <name>.bss</name>
         <uninitialized>true</uninitialized>
         <run_address>0x20004623</run_address>
         <size>0x1</size>
         <input_file_ref idref="fl-3b"/>
      </object_component>
      <object_component id="oc-2a6">
         <name>.bss</name>
         <uninitialized>true</uninitialized>
         <run_address>0x20004624</run_address>
         <size>0x1</size>
         <input_file_ref idref="fl-3b"/>
      </object_component>
      <object_component id="oc-3f1">
         <name>.bss</name>
         <uninitialized>true</uninitialized>
         <run_address>0x20004625</run_address>
         <size>0x1</size>
         <input_file_ref idref="fl-3b"/>
      </object_component>
      <object_component id="oc-4d1">
         <name>.bss</name>
         <uninitialized>true</uninitialized>
         <run_address>0x20004628</run_address>
         <size>0x3c</size>
         <input_file_ref idref="fl-8"/>
      </object_component>
      <object_component id="oc-511">
         <name>.bss</name>
         <uninitialized>true</uninitialized>
         <run_address>0x20004664</run_address>
         <size>0x8</size>
         <input_file_ref idref="fl-11"/>
      </object_component>
      <object_component id="oc-61">
         <name>.bss</name>
         <uninitialized>true</uninitialized>
         <run_address>0x2000466c</run_address>
         <size>0xc</size>
         <input_file_ref idref="fl-15"/>
      </object_component>
      <object_component id="oc-51e">
         <name>.common:lastTrngVal$3</name>
         <uninitialized>true</uninitialized>
         <run_address>0x20004678</run_address>
         <size>0x4</size>
      </object_component>
      <object_component id="oc-227">
         <name>.common:tasksEvents</name>
         <uninitialized>true</uninitialized>
         <run_address>0x2000467c</run_address>
         <size>0x4</size>
      </object_component>
      <object_component id="oc-5fe">
         <name>.data</name>
         <load_address>0x20004680</load_address>
         <run_address>0x20004680</run_address>
         <size>0x2c</size>
         <input_file_ref idref="fl-28"/>
      </object_component>
      <object_component id="oc-5fc">
         <name>.data</name>
         <load_address>0x200046ac</load_address>
         <run_address>0x200046ac</run_address>
         <size>0x50</size>
         <input_file_ref idref="fl-28"/>
      </object_component>
      <object_component id="oc-61b">
         <name>.data</name>
         <load_address>0x200046fc</load_address>
         <run_address>0x200046fc</run_address>
         <size>0x1c</size>
         <input_file_ref idref="fl-2a"/>
      </object_component>
      <object_component id="oc-453">
         <name>.data</name>
         <load_address>0x20004718</load_address>
         <run_address>0x20004718</run_address>
         <size>0xc</size>
         <input_file_ref idref="fl-2b"/>
      </object_component>
      <object_component id="oc-4d8">
         <name>.data</name>
         <load_address>0x20004724</load_address>
         <run_address>0x20004724</run_address>
         <size>0x18</size>
         <input_file_ref idref="fl-35"/>
      </object_component>
      <object_component id="oc-3bb">
         <name>.data</name>
         <load_address>0x20004740</load_address>
         <run_address>0x20004740</run_address>
         <size>0xe0</size>
         <input_file_ref idref="fl-36"/>
      </object_component>
      <object_component id="oc-502">
         <name>.data</name>
         <load_address>0x2000473c</load_address>
         <run_address>0x2000473c</run_address>
         <size>0x4</size>
         <input_file_ref idref="fl-b"/>
      </object_component>
      <object_component id="oc-3a2">
         <name>.data</name>
         <load_address>0x20004820</load_address>
         <run_address>0x20004820</run_address>
         <size>0x8</size>
         <input_file_ref idref="fl-3"/>
      </object_component>
      <object_component id="oc-228">
         <name>.data</name>
         <load_address>0x20004828</load_address>
         <run_address>0x20004828</run_address>
         <size>0x2c</size>
         <input_file_ref idref="fl-a"/>
      </object_component>
      <object_component id="oc-3fd">
         <name>.data</name>
         <load_address>0x20004854</load_address>
         <run_address>0x20004854</run_address>
         <size>0x7c</size>
         <input_file_ref idref="fl-c"/>
      </object_component>
      <object_component id="oc-561">
         <name>.data</name>
         <load_address>0x200048d0</load_address>
         <run_address>0x200048d0</run_address>
         <size>0x8</size>
         <input_file_ref idref="fl-d"/>
      </object_component>
      <object_component id="oc-50d">
         <name>.data</name>
         <load_address>0x200048d8</load_address>
         <run_address>0x200048d8</run_address>
         <size>0x4</size>
         <input_file_ref idref="fl-f"/>
      </object_component>
      <object_component id="oc-4f4">
         <name>.data</name>
         <load_address>0x200048dc</load_address>
         <run_address>0x200048dc</run_address>
         <size>0x4</size>
         <input_file_ref idref="fl-10"/>
      </object_component>
      <object_component id="oc-4f7">
         <name>.TI.bound:NV_FLASH</name>
         <load_address>0x1e000</load_address>
         <run_address>0x1e000</run_address>
         <size>0x1000</size>
         <input_file_ref idref="fl-10"/>
      </object_component>
      <object_component id="oc-682">
         <name>.debug_line</name>
         <load_address>0x0</load_address>
         <run_address>0x0</run_address>
         <size>0x5a8</size>
         <input_file_ref idref="fl-28"/>
      </object_component>
      <object_component id="oc-406">
         <name>.debug_line</name>
         <load_address>0x5a8</load_address>
         <run_address>0x5a8</run_address>
         <size>0x7e</size>
         <input_file_ref idref="fl-28"/>
      </object_component>
      <object_component id="oc-409">
         <name>.debug_line</name>
         <load_address>0x626</load_address>
         <run_address>0x626</run_address>
         <size>0x7b</size>
         <input_file_ref idref="fl-28"/>
      </object_component>
      <object_component id="oc-416">
         <name>.debug_line</name>
         <load_address>0x6a1</load_address>
         <run_address>0x6a1</run_address>
         <size>0x85</size>
         <input_file_ref idref="fl-28"/>
      </object_component>
      <object_component id="oc-411">
         <name>.debug_line</name>
         <load_address>0x726</load_address>
         <run_address>0x726</run_address>
         <size>0x7f</size>
         <input_file_ref idref="fl-28"/>
      </object_component>
      <object_component id="oc-407">
         <name>.debug_line</name>
         <load_address>0x7a5</load_address>
         <run_address>0x7a5</run_address>
         <size>0x7c</size>
         <input_file_ref idref="fl-28"/>
      </object_component>
      <object_component id="oc-41e">
         <name>.debug_line</name>
         <load_address>0x821</load_address>
         <run_address>0x821</run_address>
         <size>0x77</size>
         <input_file_ref idref="fl-28"/>
      </object_component>
      <object_component id="oc-420">
         <name>.debug_line</name>
         <load_address>0x898</load_address>
         <run_address>0x898</run_address>
         <size>0xc8</size>
         <input_file_ref idref="fl-28"/>
      </object_component>
      <object_component id="oc-425">
         <name>.debug_line</name>
         <load_address>0x960</load_address>
         <run_address>0x960</run_address>
         <size>0x26</size>
         <input_file_ref idref="fl-28"/>
      </object_component>
      <object_component id="oc-422">
         <name>.debug_line</name>
         <load_address>0x986</load_address>
         <run_address>0x986</run_address>
         <size>0x8f</size>
         <input_file_ref idref="fl-28"/>
      </object_component>
      <object_component id="oc-426">
         <name>.debug_line</name>
         <load_address>0xa15</load_address>
         <run_address>0xa15</run_address>
         <size>0x97</size>
         <input_file_ref idref="fl-28"/>
      </object_component>
      <object_component id="oc-435">
         <name>.debug_line</name>
         <load_address>0xaac</load_address>
         <run_address>0xaac</run_address>
         <size>0x7d</size>
         <input_file_ref idref="fl-28"/>
      </object_component>
      <object_component id="oc-42d">
         <name>.debug_line</name>
         <load_address>0xb29</load_address>
         <run_address>0xb29</run_address>
         <size>0x87</size>
         <input_file_ref idref="fl-28"/>
      </object_component>
      <object_component id="oc-42a">
         <name>.debug_line</name>
         <load_address>0xbb0</load_address>
         <run_address>0xbb0</run_address>
         <size>0x7a</size>
         <input_file_ref idref="fl-28"/>
      </object_component>
      <object_component id="oc-42f">
         <name>.debug_line</name>
         <load_address>0xc2a</load_address>
         <run_address>0xc2a</run_address>
         <size>0xa7</size>
         <input_file_ref idref="fl-28"/>
      </object_component>
      <object_component id="oc-449">
         <name>.debug_line</name>
         <load_address>0xcd1</load_address>
         <run_address>0xcd1</run_address>
         <size>0x77</size>
         <input_file_ref idref="fl-28"/>
      </object_component>
      <object_component id="oc-446">
         <name>.debug_line</name>
         <load_address>0xd48</load_address>
         <run_address>0xd48</run_address>
         <size>0x77</size>
         <input_file_ref idref="fl-28"/>
      </object_component>
      <object_component id="oc-44a">
         <name>.debug_line</name>
         <load_address>0xdbf</load_address>
         <run_address>0xdbf</run_address>
         <size>0x7e</size>
         <input_file_ref idref="fl-28"/>
      </object_component>
      <object_component id="oc-43a">
         <name>.debug_line</name>
         <load_address>0xe3d</load_address>
         <run_address>0xe3d</run_address>
         <size>0x77</size>
         <input_file_ref idref="fl-28"/>
      </object_component>
      <object_component id="oc-440">
         <name>.debug_line</name>
         <load_address>0xeb4</load_address>
         <run_address>0xeb4</run_address>
         <size>0x88</size>
         <input_file_ref idref="fl-28"/>
      </object_component>
      <object_component id="oc-450">
         <name>.debug_line</name>
         <load_address>0xf3c</load_address>
         <run_address>0xf3c</run_address>
         <size>0x87</size>
         <input_file_ref idref="fl-28"/>
      </object_component>
      <object_component id="oc-684">
         <name>.debug_line</name>
         <load_address>0xfc3</load_address>
         <run_address>0xfc3</run_address>
         <size>0x4bc</size>
         <input_file_ref idref="fl-29"/>
      </object_component>
      <object_component id="oc-5da">
         <name>.debug_line</name>
         <load_address>0x147f</load_address>
         <run_address>0x147f</run_address>
         <size>0x74</size>
         <input_file_ref idref="fl-29"/>
      </object_component>
      <object_component id="oc-5e3">
         <name>.debug_line</name>
         <load_address>0x14f3</load_address>
         <run_address>0x14f3</run_address>
         <size>0x74</size>
         <input_file_ref idref="fl-29"/>
      </object_component>
      <object_component id="oc-5e1">
         <name>.debug_line</name>
         <load_address>0x1567</load_address>
         <run_address>0x1567</run_address>
         <size>0x74</size>
         <input_file_ref idref="fl-29"/>
      </object_component>
      <object_component id="oc-5ed">
         <name>.debug_line</name>
         <load_address>0x15db</load_address>
         <run_address>0x15db</run_address>
         <size>0x7a</size>
         <input_file_ref idref="fl-29"/>
      </object_component>
      <object_component id="oc-5eb">
         <name>.debug_line</name>
         <load_address>0x1655</load_address>
         <run_address>0x1655</run_address>
         <size>0x78</size>
         <input_file_ref idref="fl-29"/>
      </object_component>
      <object_component id="oc-5e7">
         <name>.debug_line</name>
         <load_address>0x16cd</load_address>
         <run_address>0x16cd</run_address>
         <size>0x98</size>
         <input_file_ref idref="fl-29"/>
      </object_component>
      <object_component id="oc-5f4">
         <name>.debug_line</name>
         <load_address>0x1765</load_address>
         <run_address>0x1765</run_address>
         <size>0x77</size>
         <input_file_ref idref="fl-29"/>
      </object_component>
      <object_component id="oc-5f5">
         <name>.debug_line</name>
         <load_address>0x17dc</load_address>
         <run_address>0x17dc</run_address>
         <size>0x7b</size>
         <input_file_ref idref="fl-29"/>
      </object_component>
      <object_component id="oc-686">
         <name>.debug_line</name>
         <load_address>0x1857</load_address>
         <run_address>0x1857</run_address>
         <size>0x508</size>
         <input_file_ref idref="fl-2a"/>
      </object_component>
      <object_component id="oc-46b">
         <name>.debug_line</name>
         <load_address>0x1d5f</load_address>
         <run_address>0x1d5f</run_address>
         <size>0xaa</size>
         <input_file_ref idref="fl-2a"/>
      </object_component>
      <object_component id="oc-470">
         <name>.debug_line</name>
         <load_address>0x1e09</load_address>
         <run_address>0x1e09</run_address>
         <size>0xad</size>
         <input_file_ref idref="fl-2a"/>
      </object_component>
      <object_component id="oc-474">
         <name>.debug_line</name>
         <load_address>0x1eb6</load_address>
         <run_address>0x1eb6</run_address>
         <size>0x89</size>
         <input_file_ref idref="fl-2a"/>
      </object_component>
      <object_component id="oc-473">
         <name>.debug_line</name>
         <load_address>0x1f3f</load_address>
         <run_address>0x1f3f</run_address>
         <size>0x99</size>
         <input_file_ref idref="fl-2a"/>
      </object_component>
      <object_component id="oc-476">
         <name>.debug_line</name>
         <load_address>0x1fd8</load_address>
         <run_address>0x1fd8</run_address>
         <size>0x85</size>
         <input_file_ref idref="fl-2a"/>
      </object_component>
      <object_component id="oc-486">
         <name>.debug_line</name>
         <load_address>0x205d</load_address>
         <run_address>0x205d</run_address>
         <size>0x80</size>
         <input_file_ref idref="fl-2a"/>
      </object_component>
      <object_component id="oc-475">
         <name>.debug_line</name>
         <load_address>0x20dd</load_address>
         <run_address>0x20dd</run_address>
         <size>0x80</size>
         <input_file_ref idref="fl-2a"/>
      </object_component>
      <object_component id="oc-489">
         <name>.debug_line</name>
         <load_address>0x215d</load_address>
         <run_address>0x215d</run_address>
         <size>0xb1</size>
         <input_file_ref idref="fl-2a"/>
      </object_component>
      <object_component id="oc-491">
         <name>.debug_line</name>
         <load_address>0x220e</load_address>
         <run_address>0x220e</run_address>
         <size>0x26</size>
         <input_file_ref idref="fl-2a"/>
      </object_component>
      <object_component id="oc-48d">
         <name>.debug_line</name>
         <load_address>0x2234</load_address>
         <run_address>0x2234</run_address>
         <size>0x94</size>
         <input_file_ref idref="fl-2a"/>
      </object_component>
      <object_component id="oc-493">
         <name>.debug_line</name>
         <load_address>0x22c8</load_address>
         <run_address>0x22c8</run_address>
         <size>0x93</size>
         <input_file_ref idref="fl-2a"/>
      </object_component>
      <object_component id="oc-49a">
         <name>.debug_line</name>
         <load_address>0x235b</load_address>
         <run_address>0x235b</run_address>
         <size>0x89</size>
         <input_file_ref idref="fl-2a"/>
      </object_component>
      <object_component id="oc-496">
         <name>.debug_line</name>
         <load_address>0x23e4</load_address>
         <run_address>0x23e4</run_address>
         <size>0xad</size>
         <input_file_ref idref="fl-2a"/>
      </object_component>
      <object_component id="oc-4a5">
         <name>.debug_line</name>
         <load_address>0x2491</load_address>
         <run_address>0x2491</run_address>
         <size>0x96</size>
         <input_file_ref idref="fl-2a"/>
      </object_component>
      <object_component id="oc-4a1">
         <name>.debug_line</name>
         <load_address>0x2527</load_address>
         <run_address>0x2527</run_address>
         <size>0x93</size>
         <input_file_ref idref="fl-2a"/>
      </object_component>
      <object_component id="oc-4a9">
         <name>.debug_line</name>
         <load_address>0x25ba</load_address>
         <run_address>0x25ba</run_address>
         <size>0x95</size>
         <input_file_ref idref="fl-2a"/>
      </object_component>
      <object_component id="oc-4af">
         <name>.debug_line</name>
         <load_address>0x264f</load_address>
         <run_address>0x264f</run_address>
         <size>0x9c</size>
         <input_file_ref idref="fl-2a"/>
      </object_component>
      <object_component id="oc-4ae">
         <name>.debug_line</name>
         <load_address>0x26eb</load_address>
         <run_address>0x26eb</run_address>
         <size>0x8d</size>
         <input_file_ref idref="fl-2a"/>
      </object_component>
      <object_component id="oc-4ab">
         <name>.debug_line</name>
         <load_address>0x2778</load_address>
         <run_address>0x2778</run_address>
         <size>0x9d</size>
         <input_file_ref idref="fl-2a"/>
      </object_component>
      <object_component id="oc-4a6">
         <name>.debug_line</name>
         <load_address>0x2815</load_address>
         <run_address>0x2815</run_address>
         <size>0xbc</size>
         <input_file_ref idref="fl-2a"/>
      </object_component>
      <object_component id="oc-4c6">
         <name>.debug_line</name>
         <load_address>0x28d1</load_address>
         <run_address>0x28d1</run_address>
         <size>0x26</size>
         <input_file_ref idref="fl-2a"/>
      </object_component>
      <object_component id="oc-4b9">
         <name>.debug_line</name>
         <load_address>0x28f7</load_address>
         <run_address>0x28f7</run_address>
         <size>0x8a</size>
         <input_file_ref idref="fl-2a"/>
      </object_component>
      <object_component id="oc-4c0">
         <name>.debug_line</name>
         <load_address>0x2981</load_address>
         <run_address>0x2981</run_address>
         <size>0x75</size>
         <input_file_ref idref="fl-2a"/>
      </object_component>
      <object_component id="oc-4c7">
         <name>.debug_line</name>
         <load_address>0x29f6</load_address>
         <run_address>0x29f6</run_address>
         <size>0x80</size>
         <input_file_ref idref="fl-2a"/>
      </object_component>
      <object_component id="oc-4ba">
         <name>.debug_line</name>
         <load_address>0x2a76</load_address>
         <run_address>0x2a76</run_address>
         <size>0x84</size>
         <input_file_ref idref="fl-2a"/>
      </object_component>
      <object_component id="oc-616">
         <name>.debug_line</name>
         <load_address>0x2afa</load_address>
         <run_address>0x2afa</run_address>
         <size>0x4f7</size>
         <input_file_ref idref="fl-2b"/>
      </object_component>
      <object_component id="oc-1fc">
         <name>.debug_line</name>
         <load_address>0x2ff1</load_address>
         <run_address>0x2ff1</run_address>
         <size>0x7b</size>
         <input_file_ref idref="fl-2b"/>
      </object_component>
      <object_component id="oc-1f9">
         <name>.debug_line</name>
         <load_address>0x306c</load_address>
         <run_address>0x306c</run_address>
         <size>0x79</size>
         <input_file_ref idref="fl-2b"/>
      </object_component>
      <object_component id="oc-20e">
         <name>.debug_line</name>
         <load_address>0x30e5</load_address>
         <run_address>0x30e5</run_address>
         <size>0xaa</size>
         <input_file_ref idref="fl-2b"/>
      </object_component>
      <object_component id="oc-207">
         <name>.debug_line</name>
         <load_address>0x318f</load_address>
         <run_address>0x318f</run_address>
         <size>0x78</size>
         <input_file_ref idref="fl-2b"/>
      </object_component>
      <object_component id="oc-20b">
         <name>.debug_line</name>
         <load_address>0x3207</load_address>
         <run_address>0x3207</run_address>
         <size>0xcc</size>
         <input_file_ref idref="fl-2b"/>
      </object_component>
      <object_component id="oc-20d">
         <name>.debug_line</name>
         <load_address>0x32d3</load_address>
         <run_address>0x32d3</run_address>
         <size>0x7b</size>
         <input_file_ref idref="fl-2b"/>
      </object_component>
      <object_component id="oc-210">
         <name>.debug_line</name>
         <load_address>0x334e</load_address>
         <run_address>0x334e</run_address>
         <size>0x7b</size>
         <input_file_ref idref="fl-2b"/>
      </object_component>
      <object_component id="oc-68d">
         <name>.debug_line</name>
         <load_address>0x33c9</load_address>
         <run_address>0x33c9</run_address>
         <size>0x4ed</size>
         <input_file_ref idref="fl-2c"/>
      </object_component>
      <object_component id="oc-577">
         <name>.debug_line</name>
         <load_address>0x38b6</load_address>
         <run_address>0x38b6</run_address>
         <size>0x82</size>
         <input_file_ref idref="fl-2c"/>
      </object_component>
      <object_component id="oc-57b">
         <name>.debug_line</name>
         <load_address>0x3938</load_address>
         <run_address>0x3938</run_address>
         <size>0x85</size>
         <input_file_ref idref="fl-2c"/>
      </object_component>
      <object_component id="oc-587">
         <name>.debug_line</name>
         <load_address>0x39bd</load_address>
         <run_address>0x39bd</run_address>
         <size>0x26</size>
         <input_file_ref idref="fl-2c"/>
      </object_component>
      <object_component id="oc-58f">
         <name>.debug_line</name>
         <load_address>0x39e3</load_address>
         <run_address>0x39e3</run_address>
         <size>0x7c</size>
         <input_file_ref idref="fl-2c"/>
      </object_component>
      <object_component id="oc-58e">
         <name>.debug_line</name>
         <load_address>0x3a5f</load_address>
         <run_address>0x3a5f</run_address>
         <size>0x26</size>
         <input_file_ref idref="fl-2c"/>
      </object_component>
      <object_component id="oc-588">
         <name>.debug_line</name>
         <load_address>0x3a85</load_address>
         <run_address>0x3a85</run_address>
         <size>0x79</size>
         <input_file_ref idref="fl-2c"/>
      </object_component>
      <object_component id="oc-584">
         <name>.debug_line</name>
         <load_address>0x3afe</load_address>
         <run_address>0x3afe</run_address>
         <size>0x70</size>
         <input_file_ref idref="fl-2c"/>
      </object_component>
      <object_component id="oc-57f">
         <name>.debug_line</name>
         <load_address>0x3b6e</load_address>
         <run_address>0x3b6e</run_address>
         <size>0x75</size>
         <input_file_ref idref="fl-2c"/>
      </object_component>
      <object_component id="oc-59e">
         <name>.debug_line</name>
         <load_address>0x3be3</load_address>
         <run_address>0x3be3</run_address>
         <size>0x75</size>
         <input_file_ref idref="fl-2c"/>
      </object_component>
      <object_component id="oc-597">
         <name>.debug_line</name>
         <load_address>0x3c58</load_address>
         <run_address>0x3c58</run_address>
         <size>0x26</size>
         <input_file_ref idref="fl-2c"/>
      </object_component>
      <object_component id="oc-594">
         <name>.debug_line</name>
         <load_address>0x3c7e</load_address>
         <run_address>0x3c7e</run_address>
         <size>0x73</size>
         <input_file_ref idref="fl-2c"/>
      </object_component>
      <object_component id="oc-59b">
         <name>.debug_line</name>
         <load_address>0x3cf1</load_address>
         <run_address>0x3cf1</run_address>
         <size>0x76</size>
         <input_file_ref idref="fl-2c"/>
      </object_component>
      <object_component id="oc-5a1">
         <name>.debug_line</name>
         <load_address>0x3d67</load_address>
         <run_address>0x3d67</run_address>
         <size>0x26</size>
         <input_file_ref idref="fl-2c"/>
      </object_component>
      <object_component id="oc-5a5">
         <name>.debug_line</name>
         <load_address>0x3d8d</load_address>
         <run_address>0x3d8d</run_address>
         <size>0x83</size>
         <input_file_ref idref="fl-2c"/>
      </object_component>
      <object_component id="oc-5a8">
         <name>.debug_line</name>
         <load_address>0x3e10</load_address>
         <run_address>0x3e10</run_address>
         <size>0x80</size>
         <input_file_ref idref="fl-2c"/>
      </object_component>
      <object_component id="oc-5a4">
         <name>.debug_line</name>
         <load_address>0x3e90</load_address>
         <run_address>0x3e90</run_address>
         <size>0x73</size>
         <input_file_ref idref="fl-2c"/>
      </object_component>
      <object_component id="oc-5a9">
         <name>.debug_line</name>
         <load_address>0x3f03</load_address>
         <run_address>0x3f03</run_address>
         <size>0x71</size>
         <input_file_ref idref="fl-2c"/>
      </object_component>
      <object_component id="oc-5aa">
         <name>.debug_line</name>
         <load_address>0x3f74</load_address>
         <run_address>0x3f74</run_address>
         <size>0x74</size>
         <input_file_ref idref="fl-2c"/>
      </object_component>
      <object_component id="oc-5bb">
         <name>.debug_line</name>
         <load_address>0x3fe8</load_address>
         <run_address>0x3fe8</run_address>
         <size>0x26</size>
         <input_file_ref idref="fl-2c"/>
      </object_component>
      <object_component id="oc-5bc">
         <name>.debug_line</name>
         <load_address>0x400e</load_address>
         <run_address>0x400e</run_address>
         <size>0x86</size>
         <input_file_ref idref="fl-2c"/>
      </object_component>
      <object_component id="oc-5ba">
         <name>.debug_line</name>
         <load_address>0x4094</load_address>
         <run_address>0x4094</run_address>
         <size>0x75</size>
         <input_file_ref idref="fl-2c"/>
      </object_component>
      <object_component id="oc-5ce">
         <name>.debug_line</name>
         <load_address>0x4109</load_address>
         <run_address>0x4109</run_address>
         <size>0x77</size>
         <input_file_ref idref="fl-2c"/>
      </object_component>
      <object_component id="oc-5cc">
         <name>.debug_line</name>
         <load_address>0x4180</load_address>
         <run_address>0x4180</run_address>
         <size>0x70</size>
         <input_file_ref idref="fl-2c"/>
      </object_component>
      <object_component id="oc-68b">
         <name>.debug_line</name>
         <load_address>0x41f0</load_address>
         <run_address>0x41f0</run_address>
         <size>0x5a3</size>
         <input_file_ref idref="fl-2d"/>
      </object_component>
      <object_component id="oc-649">
         <name>.debug_line</name>
         <load_address>0x4793</load_address>
         <run_address>0x4793</run_address>
         <size>0x10a7</size>
         <input_file_ref idref="fl-30"/>
      </object_component>
      <object_component id="oc-25c">
         <name>.debug_line</name>
         <load_address>0x583a</load_address>
         <run_address>0x583a</run_address>
         <size>0x88</size>
         <input_file_ref idref="fl-30"/>
      </object_component>
      <object_component id="oc-25a">
         <name>.debug_line</name>
         <load_address>0x58c2</load_address>
         <run_address>0x58c2</run_address>
         <size>0x8a</size>
         <input_file_ref idref="fl-30"/>
      </object_component>
      <object_component id="oc-24e">
         <name>.debug_line</name>
         <load_address>0x594c</load_address>
         <run_address>0x594c</run_address>
         <size>0x8b</size>
         <input_file_ref idref="fl-30"/>
      </object_component>
      <object_component id="oc-250">
         <name>.debug_line</name>
         <load_address>0x59d7</load_address>
         <run_address>0x59d7</run_address>
         <size>0xb3</size>
         <input_file_ref idref="fl-30"/>
      </object_component>
      <object_component id="oc-252">
         <name>.debug_line</name>
         <load_address>0x5a8a</load_address>
         <run_address>0x5a8a</run_address>
         <size>0xb0</size>
         <input_file_ref idref="fl-30"/>
      </object_component>
      <object_component id="oc-652">
         <name>.debug_line</name>
         <load_address>0x5b3a</load_address>
         <run_address>0x5b3a</run_address>
         <size>0x4e2</size>
         <input_file_ref idref="fl-31"/>
      </object_component>
      <object_component id="oc-319">
         <name>.debug_line</name>
         <load_address>0x601c</load_address>
         <run_address>0x601c</run_address>
         <size>0x91</size>
         <input_file_ref idref="fl-31"/>
      </object_component>
      <object_component id="oc-325">
         <name>.debug_line</name>
         <load_address>0x60ad</load_address>
         <run_address>0x60ad</run_address>
         <size>0xb0</size>
         <input_file_ref idref="fl-31"/>
      </object_component>
      <object_component id="oc-324">
         <name>.debug_line</name>
         <load_address>0x615d</load_address>
         <run_address>0x615d</run_address>
         <size>0x9d</size>
         <input_file_ref idref="fl-31"/>
      </object_component>
      <object_component id="oc-33c">
         <name>.debug_line</name>
         <load_address>0x61fa</load_address>
         <run_address>0x61fa</run_address>
         <size>0x79</size>
         <input_file_ref idref="fl-31"/>
      </object_component>
      <object_component id="oc-337">
         <name>.debug_line</name>
         <load_address>0x6273</load_address>
         <run_address>0x6273</run_address>
         <size>0xe3</size>
         <input_file_ref idref="fl-31"/>
      </object_component>
      <object_component id="oc-32b">
         <name>.debug_line</name>
         <load_address>0x6356</load_address>
         <run_address>0x6356</run_address>
         <size>0x79</size>
         <input_file_ref idref="fl-31"/>
      </object_component>
      <object_component id="oc-326">
         <name>.debug_line</name>
         <load_address>0x63cf</load_address>
         <run_address>0x63cf</run_address>
         <size>0x26</size>
         <input_file_ref idref="fl-31"/>
      </object_component>
      <object_component id="oc-333">
         <name>.debug_line</name>
         <load_address>0x63f5</load_address>
         <run_address>0x63f5</run_address>
         <size>0x26</size>
         <input_file_ref idref="fl-31"/>
      </object_component>
      <object_component id="oc-332">
         <name>.debug_line</name>
         <load_address>0x641b</load_address>
         <run_address>0x641b</run_address>
         <size>0x91</size>
         <input_file_ref idref="fl-31"/>
      </object_component>
      <object_component id="oc-532">
         <name>.debug_line</name>
         <load_address>0x64ac</load_address>
         <run_address>0x64ac</run_address>
         <size>0xdf6</size>
         <input_file_ref idref="fl-32"/>
      </object_component>
      <object_component id="oc-2c9">
         <name>.debug_line</name>
         <load_address>0x72a2</load_address>
         <run_address>0x72a2</run_address>
         <size>0x72</size>
         <input_file_ref idref="fl-32"/>
      </object_component>
      <object_component id="oc-2ca">
         <name>.debug_line</name>
         <load_address>0x7314</load_address>
         <run_address>0x7314</run_address>
         <size>0x76</size>
         <input_file_ref idref="fl-32"/>
      </object_component>
      <object_component id="oc-2cc">
         <name>.debug_line</name>
         <load_address>0x738a</load_address>
         <run_address>0x738a</run_address>
         <size>0x73</size>
         <input_file_ref idref="fl-32"/>
      </object_component>
      <object_component id="oc-2e1">
         <name>.debug_line</name>
         <load_address>0x73fd</load_address>
         <run_address>0x73fd</run_address>
         <size>0x7a</size>
         <input_file_ref idref="fl-32"/>
      </object_component>
      <object_component id="oc-2de">
         <name>.debug_line</name>
         <load_address>0x7477</load_address>
         <run_address>0x7477</run_address>
         <size>0x82</size>
         <input_file_ref idref="fl-32"/>
      </object_component>
      <object_component id="oc-2d9">
         <name>.debug_line</name>
         <load_address>0x74f9</load_address>
         <run_address>0x74f9</run_address>
         <size>0x74</size>
         <input_file_ref idref="fl-32"/>
      </object_component>
      <object_component id="oc-2d3">
         <name>.debug_line</name>
         <load_address>0x756d</load_address>
         <run_address>0x756d</run_address>
         <size>0x72</size>
         <input_file_ref idref="fl-32"/>
      </object_component>
      <object_component id="oc-2e2">
         <name>.debug_line</name>
         <load_address>0x75df</load_address>
         <run_address>0x75df</run_address>
         <size>0x72</size>
         <input_file_ref idref="fl-32"/>
      </object_component>
      <object_component id="oc-2e5">
         <name>.debug_line</name>
         <load_address>0x7651</load_address>
         <run_address>0x7651</run_address>
         <size>0x77</size>
         <input_file_ref idref="fl-32"/>
      </object_component>
      <object_component id="oc-30b">
         <name>.debug_line</name>
         <load_address>0x76c8</load_address>
         <run_address>0x76c8</run_address>
         <size>0x7a</size>
         <input_file_ref idref="fl-32"/>
      </object_component>
      <object_component id="oc-30d">
         <name>.debug_line</name>
         <load_address>0x7742</load_address>
         <run_address>0x7742</run_address>
         <size>0x7f</size>
         <input_file_ref idref="fl-32"/>
      </object_component>
      <object_component id="oc-307">
         <name>.debug_line</name>
         <load_address>0x77c1</load_address>
         <run_address>0x77c1</run_address>
         <size>0x77</size>
         <input_file_ref idref="fl-32"/>
      </object_component>
      <object_component id="oc-309">
         <name>.debug_line</name>
         <load_address>0x7838</load_address>
         <run_address>0x7838</run_address>
         <size>0x72</size>
         <input_file_ref idref="fl-32"/>
      </object_component>
      <object_component id="oc-2f8">
         <name>.debug_line</name>
         <load_address>0x78aa</load_address>
         <run_address>0x78aa</run_address>
         <size>0x78</size>
         <input_file_ref idref="fl-32"/>
      </object_component>
      <object_component id="oc-2fe">
         <name>.debug_line</name>
         <load_address>0x7922</load_address>
         <run_address>0x7922</run_address>
         <size>0x80</size>
         <input_file_ref idref="fl-32"/>
      </object_component>
      <object_component id="oc-2f7">
         <name>.debug_line</name>
         <load_address>0x79a2</load_address>
         <run_address>0x79a2</run_address>
         <size>0x78</size>
         <input_file_ref idref="fl-32"/>
      </object_component>
      <object_component id="oc-656">
         <name>.debug_line</name>
         <load_address>0x7a1a</load_address>
         <run_address>0x7a1a</run_address>
         <size>0x684</size>
         <input_file_ref idref="fl-33"/>
      </object_component>
      <object_component id="oc-35f">
         <name>.debug_line</name>
         <load_address>0x809e</load_address>
         <run_address>0x809e</run_address>
         <size>0xc0</size>
         <input_file_ref idref="fl-33"/>
      </object_component>
      <object_component id="oc-658">
         <name>.debug_line</name>
         <load_address>0x815e</load_address>
         <run_address>0x815e</run_address>
         <size>0x11ac</size>
         <input_file_ref idref="fl-34"/>
      </object_component>
      <object_component id="oc-368">
         <name>.debug_line</name>
         <load_address>0x930a</load_address>
         <run_address>0x930a</run_address>
         <size>0xcd</size>
         <input_file_ref idref="fl-34"/>
      </object_component>
      <object_component id="oc-363">
         <name>.debug_line</name>
         <load_address>0x93d7</load_address>
[...]
         <name>__aeabi_memset8</name>
         <value>0x1b0b3</value>
         <object_component_ref idref="oc-43"/>
      </symbol>
      <symbol id="sm-868">
         <name>__aeabi_memset4</name>
         <value>0x1b0b3</value>
         <object_component_ref idref="oc-43"/>
      </symbol>
      <symbol id="sm-869">
         <name>__aeabi_memclr8</name>
         <value>0x1b0b1</value>
         <object_component_ref idref="oc-43"/>
      </symbol>
      <symbol id="sm-86a">
         <name>__aeabi_memclr4</name>
         <value>0x1b0b1</value>
         <object_component_ref idref="oc-43"/>
      </symbol>
      <symbol id="sm-86b">
         <name>__aeabi_memclr</name>
         <value>0x1b0b1</value>
         <object_component_ref idref="oc-43"/>
      </symbol>
      <symbol id="sm-895">
         <name>__aeabi_uldivmod</name>
         <value>0x1b12b</value>
         <object_component_ref idref="oc-3a7"/>
      </symbol>
      <symbol id="sm-8ac">
         <name>NOROM_CPUcpsie</name>
         <value>0x1b31f</value>
         <object_component_ref idref="oc-149"/>
      </symbol>
      <symbol id="sm-8ad">
         <name>NOROM_CPUcpsid</name>
         <value>0x1b32b</value>
         <object_component_ref idref="oc-143"/>
      </symbol>
      <symbol id="sm-d32">
         <name>tasksEvents</name>
         <value>0x2000467c</value>
      </symbol>
      <symbol id="sm-d33">
         <name>osalTimerUpdate</name>
         <value>0x1b485</value>
         <object_component_ref idref="oc-26a"/>
      </symbol>
      <symbol id="sm-d34">
         <name>osal_CbTimerInit</name>
         <value>0x1c00f</value>
         <object_component_ref idref="oc-1f2"/>
      </symbol>
      <symbol id="sm-d35">
         <name>halAssertCback</name>
         <value>0x20004824</value>
         <object_component_ref idref="oc-3a2"/>
      </symbol>
      <symbol id="sm-d36">
         <name>osal_msg_extract</name>
         <value>0x1b857</value>
         <object_component_ref idref="oc-15f"/>
      </symbol>
      <symbol id="sm-d37">
         <name>__TI_decompress_rle24</name>
         <value>0x1ce3f</value>
         <object_component_ref idref="oc-1c"/>
      </symbol>
      <symbol id="sm-d38">
         <name>NOROM_FlashProgram</name>
         <value>0x1ca51</value>
         <object_component_ref idref="oc-639"/>
      </symbol>
      <symbol id="sm-d39">
         <name>CommonROM_Init</name>
         <value>0x1cbb5</value>
         <object_component_ref idref="oc-4f"/>
      </symbol>
      <symbol id="sm-d3a">
         <name>NVOCOP_initNV</name>
         <value>0x1c9f1</value>
         <object_component_ref idref="oc-221"/>
      </symbol>
      <symbol id="sm-d3b">
         <name>halAssertInit</name>
         <value>0x1bf6b</value>
         <object_component_ref idref="oc-153"/>
      </symbol>
      <symbol id="sm-d3c">
         <name>osalDeleteTimer</name>
         <value>0x1b353</value>
         <object_component_ref idref="oc-26a"/>
      </symbol>
      <symbol id="sm-d3d">
         <name>halAssertHandlerExt</name>
         <value>0x1bf55</value>
         <object_component_ref idref="oc-153"/>
      </symbol>
      <symbol id="sm-d3e">
         <name>osal_set_event</name>
         <value>0x1ba4f</value>
         <object_component_ref idref="oc-15f"/>
      </symbol>
      <symbol id="sm-d3f">
         <name>osal_start_reload_timer</name>
         <value>0x1b427</value>
         <object_component_ref idref="oc-26a"/>
      </symbol>
      <symbol id="sm-d40">
         <name>baseTaskID</name>
         <value>0x20004854</value>
         <object_component_ref idref="oc-3fd"/>
      </symbol>
      <symbol id="sm-d41">
         <name>osal_snv_init</name>
         <value>0x1ca2d</value>
         <object_component_ref idref="oc-221"/>
      </symbol>
      <symbol id="sm-d42">
         <name>halAssertSpinlock</name>
         <value>0x1bf53</value>
         <object_component_ref idref="oc-153"/>
      </symbol>
      <symbol id="sm-d43">
         <name>osal_memcmp</name>
         <value>0x1bef5</value>
         <object_component_ref idref="oc-15f"/>
      </symbol>
      <symbol id="sm-d44">
         <name>NV_FLASH</name>
         <value>0x1e000</value>
         <object_component_ref idref="oc-4f7"/>
      </symbol>
      <symbol id="sm-d45">
         <name>legacyMode</name>
         <value>0x20004821</value>
         <object_component_ref idref="oc-3a2"/>
      </symbol>
      <symbol id="sm-d46">
         <name>tasksArr</name>
         <value>0x1cfec</value>
         <object_component_ref idref="oc-3b7"/>
      </symbol>
      <symbol id="sm-d47">
         <name>copy_in</name>
         <value>0x1cd7d</value>
         <object_component_ref idref="oc-132"/>
      </symbol>
      <symbol id="sm-d48">
         <name>osal_init_system</name>
         <value>0x1bc4f</value>
         <object_component_ref idref="oc-15f"/>
      </symbol>
      <symbol id="sm-d49">
         <name>osal_msg_enqueue</name>
         <value>0x1b8ed</value>
         <object_component_ref idref="oc-15f"/>
      </symbol>
      <symbol id="sm-d4a">
         <name>osal_pwrmgr_init</name>
         <value>0x1cb5b</value>
         <object_component_ref idref="oc-264"/>
      </symbol>
      <symbol id="sm-d4b">
         <name>ROM_Init</name>
         <value>0x1b6ff</value>
         <object_component_ref idref="oc-55"/>
      </symbol>
      <symbol id="sm-d4c">
         <name>osal_msg_push</name>
         <value>0x1b91b</value>
         <object_component_ref idref="oc-15f"/>
      </symbol>
      <symbol id="sm-d4d">
         <name>NOROM_VIMSModeGet</name>
         <value>0x1ca3d</value>
         <object_component_ref idref="oc-4e2"/>
      </symbol>
      <symbol id="sm-d4e">
         <name>osal_semaphore</name>
         <value>0x20004838</value>
         <object_component_ref idref="oc-228"/>
      </symbol>
      <symbol id="sm-d4f">
         <name>osal_eventloop_hook</name>
         <value>0x20004834</value>
         <object_component_ref idref="oc-228"/>
      </symbol>
      <symbol id="sm-d50">
         <name>NVOCOP_readItem</name>
         <value>0x1c979</value>
         <object_component_ref idref="oc-221"/>
      </symbol>
      <symbol id="sm-d51">
         <name>osal_start_timerEx</name>
         <value>0x1b383</value>
         <object_component_ref idref="oc-26a"/>
      </symbol>
      <symbol id="sm-d52">
         <name>ICall_dispatcher</name>
         <value>0x2000466c</value>
         <object_component_ref idref="oc-61"/>
      </symbol>
      <symbol id="sm-d53">
         <name>osal_enroll_dispatchid</name>
         <value>0x1bbe7</value>
         <object_component_ref idref="oc-15f"/>
      </symbol>
      <symbol id="sm-d54">
         <name>osal_stop_timerEx</name>
         <value>0x1b3b3</value>
         <object_component_ref idref="oc-26a"/>
      </symbol>
      <symbol id="sm-d55">
         <name>HalTRNG_GetTRNG</name>
         <value>0x1b5c1</value>
         <object_component_ref idref="oc-282"/>
      </symbol>
      <symbol id="sm-d56">
         <name>halAssertHandler</name>
         <value>0x1bf51</value>
         <object_component_ref idref="oc-153"/>
      </symbol>
      <symbol id="sm-d57">
         <name>osal_bm_alloc</name>
         <value>0x1b7d3</value>
         <object_component_ref idref="oc-245"/>
      </symbol>
      <symbol id="sm-d58">
         <name>osal_msg_send</name>
         <value>0x1b9d7</value>
         <object_component_ref idref="oc-15f"/>
      </symbol>
      <symbol id="sm-d59">
         <name>stack_main</name>
         <value>0x1ccc7</value>
         <object_component_ref idref="oc-5b"/>
      </symbol>
      <symbol id="sm-d5a">
         <name>__TI_zero_init</name>
         <value>0x1cdc9</value>
         <object_component_ref idref="oc-22"/>
      </symbol>
      <symbol id="sm-d5b">
         <name>Onboard_soft_reset</name>
         <value>0x1b731</value>
         <object_component_ref idref="oc-270"/>
      </symbol>
      <symbol id="sm-d5c">
         <name>memcmp</name>
         <value>0x1ca6d</value>
         <object_component_ref idref="oc-4e8"/>
      </symbol>
      <symbol id="sm-d5d">
         <name>R2F_Flash_JT</name>
         <value>0x1d110</value>
         <object_component_ref idref="oc-14f"/>
      </symbol>
      <symbol id="sm-d5e">
         <name>R2R_Flash_JT</name>
         <value>0x1d1b8</value>
         <object_component_ref idref="oc-14f"/>
      </symbol>
      <symbol id="sm-d5f">
         <name>assertSubcause</name>
         <value>0x20004820</value>
         <object_component_ref idref="oc-3a2"/>
      </symbol>
      <symbol id="sm-d60">
         <name>osal_bm_free</name>
         <value>0x1b78d</value>
         <object_component_ref idref="oc-245"/>
      </symbol>
      <symbol id="sm-d61">
         <name>OSAL_timeSeconds</name>
         <value>0x200048d4</value>
         <object_component_ref idref="oc-561"/>
      </symbol>
      <symbol id="sm-d62">
         <name>osal_msg_receive</name>
         <value>0x1b88d</value>
         <object_component_ref idref="oc-15f"/>
      </symbol>
      <symbol id="sm-d63">
         <name>osal_mem_alloc</name>
         <value>0x1cb8b</value>
         <object_component_ref idref="oc-159"/>
      </symbol>
      <symbol id="sm-d64">
         <name>ROM_Spinlock</name>
         <value>0x1b6e9</value>
         <object_component_ref idref="oc-55"/>
      </symbol>
      <symbol id="sm-d65">
         <name>tasksCnt</name>
         <value>0x1d000</value>
         <object_component_ref idref="oc-3b7"/>
      </symbol>
      <symbol id="sm-d66">
         <name>NOROM_IntEnable</name>
         <value>0x1b66d</value>
         <object_component_ref idref="oc-276"/>
      </symbol>
      <symbol id="sm-d67">
         <name>pwrmgr_attribute</name>
         <value>0x200048da</value>
         <object_component_ref idref="oc-50d"/>
      </symbol>
      <symbol id="sm-d68">
         <name>osalAddTimer</name>
         <value>0x1b3e3</value>
         <object_component_ref idref="oc-26a"/>
      </symbol>
      <symbol id="sm-d69">
         <name>osal_snv_write</name>
         <value>0x1c955</value>
         <object_component_ref idref="oc-221"/>
      </symbol>
      <symbol id="sm-d6a">
         <name>osalFindTimer</name>
         <value>0x1b339</value>
         <object_component_ref idref="oc-26a"/>
      </symbol>
      <symbol id="sm-d6b">
         <name>HalFlashWrite</name>
         <value>0x1c5af</value>
         <object_component_ref idref="oc-4dc"/>
      </symbol>
      <symbol id="sm-d6c">
         <name>rspBuf</name>
         <value>0x20004629</value>
         <object_component_ref idref="oc-4d1"/>
      </symbol>
      <symbol id="sm-d6d">
         <name>NVOCOP_writeItem</name>
         <value>0x1c8b5</value>
         <object_component_ref idref="oc-221"/>
      </symbol>
      <symbol id="sm-d6e">
         <name>HalFlashRead</name>
         <value>0x1c583</value>
         <object_component_ref idref="oc-4dc"/>
      </symbol>
      <symbol id="sm-d6f">
         <name>osal_memset</name>
         <value>0x1b83b</value>
         <object_component_ref idref="oc-15f"/>
      </symbol>
      <symbol id="sm-d70">
         <name>osal_rand</name>
         <value>0x1b735</value>
         <object_component_ref idref="oc-270"/>
      </symbol>
      <symbol id="sm-d71">
         <name>bleDispatch_TaskID</name>
         <value>0x20004628</value>
         <object_component_ref idref="oc-4d1"/>
      </symbol>
      <symbol id="sm-d72">
         <name>osal_revmemcpy</name>
         <value>0x1bed1</value>
         <object_component_ref idref="oc-15f"/>
      </symbol>
      <symbol id="sm-d73">
         <name>osal_msg_allocate</name>
         <value>0x1b811</value>
         <object_component_ref idref="oc-15f"/>
      </symbol>
      <symbol id="sm-d74">
         <name>startup_entry</name>
         <value>0x18001</value>
         <object_component_ref idref="oc-28"/>
      </symbol>
      <symbol id="sm-d75">
         <name>osal_pwrmgr_task_state</name>
         <value>0x1caf3</value>
         <object_component_ref idref="oc-264"/>
      </symbol>
      <symbol id="sm-d76">
         <name>osal_bm_adjust_header</name>
         <value>0x1b765</value>
         <object_component_ref idref="oc-245"/>
      </symbol>
      <symbol id="sm-d77">
         <name>osal_last_timestamp</name>
         <value>0x2000483c</value>
         <object_component_ref idref="oc-228"/>
      </symbol>
      <symbol id="sm-d78">
         <name>osal_memcpy</name>
         <value>0x1b83f</value>
         <object_component_ref idref="oc-15f"/>
      </symbol>
      <symbol id="sm-d79">
         <name>Onboard_rand</name>
         <value>0x1b735</value>
         <object_component_ref idref="oc-270"/>
      </symbol>
      <symbol id="sm-d7a">
         <name>osal_entity</name>
         <value>0x20004829</value>
         <object_component_ref idref="oc-228"/>
      </symbol>
      <symbol id="sm-d7b">
         <name>osal_mem_free</name>
         <value>0x1cb71</value>
         <object_component_ref idref="oc-159"/>
      </symbol>
      <symbol id="sm-d7c">
         <name>cbTimers</name>
         <value>0x20004858</value>
         <object_component_ref idref="oc-3fd"/>
      </symbol>
      <symbol id="sm-d7d">
         <name>osal_max_msecs</name>
         <value>0x20004844</value>
         <object_component_ref idref="oc-228"/>
      </symbol>
      <symbol id="sm-d7e">
         <name>osal_isbufset</name>
         <value>0x1bf19</value>
         <object_component_ref idref="oc-15f"/>
      </symbol>
      <symbol id="sm-d7f">
         <name>R2F_Flash_JT_CommonROM</name>
         <value>0x1d004</value>
         <object_component_ref idref="oc-13f"/>
      </symbol>
      <symbol id="sm-d80">
         <name>pwrmgr_initialized</name>
         <value>0x200048d8</value>
         <object_component_ref idref="oc-50d"/>
      </symbol>
      <symbol id="sm-d81">
         <name>osal_tickperiod</name>
         <value>0x20004840</value>
         <object_component_ref idref="oc-228"/>
      </symbol>
      <symbol id="sm-d82">
         <name>bleDispatch_ProcessEvent</name>
         <value>0x1c4f7</value>
         <object_component_ref idref="oc-215"/>
      </symbol>
      <symbol id="sm-d83">
         <name>osal_enroll_senderid</name>
         <value>0x1bbf3</value>
         <object_component_ref idref="oc-15f"/>
      </symbol>
      <symbol id="sm-d84">
         <name>setBleUserConfig</name>
         <value>0x1cbe5</value>
         <object_component_ref idref="oc-21b"/>
      </symbol>
      <symbol id="sm-d85">
         <name>osal_CbTimerProcessEvent</name>
         <value>0x1bf85</value>
         <object_component_ref idref="oc-1f2"/>
      </symbol>
      <symbol id="sm-d86">
         <name>osalTimerInit</name>
         <value>0x1b45d</value>
         <object_component_ref idref="oc-26a"/>
      </symbol>
      <symbol id="sm-d87">
         <name>osal_self</name>
         <value>0x1b835</value>
         <object_component_ref idref="oc-15f"/>
      </symbol>
      <symbol id="sm-d88">
         <name>osalInitTasks</name>
         <value>0x1cc69</value>
         <object_component_ref idref="oc-5b"/>
      </symbol>
      <symbol id="sm-d89">
         <name>osal_clear_event</name>
         <value>0x1bae5</value>
         <object_component_ref idref="oc-15f"/>
      </symbol>
      <symbol id="sm-d8a">
         <name>osal_snv_read</name>
         <value>0x1c9a5</value>
         <object_component_ref idref="oc-221"/>
      </symbol>
      <symbol id="sm-d8b">
         <name>ICall_leaveCriticalSection</name>
         <value>0x20004674</value>
         <object_component_ref idref="oc-61"/>
      </symbol>
      <symbol id="sm-d8c">
         <name>NOROM_IntDisable</name>
         <value>0x1b605</value>
         <object_component_ref idref="oc-27c"/>
      </symbol>
      <symbol id="sm-d8d">
         <name>ICall_enterCriticalSection</name>
         <value>0x20004670</value>
         <object_component_ref idref="oc-61"/>
      </symbol>
      <symbol id="sm-d8e">
         <name>R2R_Flash_JT_CommonROM</name>
         <value>0x1d01c</value>
         <object_component_ref idref="oc-13f"/>
      </symbol>
      <symbol id="sm-d8f">
         <name>HalTRNG_InitTRNG</name>
         <value>0x1b5a5</value>
         <object_component_ref idref="oc-282"/>
      </symbol>
      <symbol id="sm-d90">
         <name>appForceBoot</name>
         <value>0x1b733</value>
         <object_component_ref idref="oc-270"/>
      </symbol>
      <symbol id="sm-d91">
         <name>osal_qHead</name>
         <value>0x20004830</value>
         <object_component_ref idref="oc-228"/>
      </symbol>
      <symbol id="sm-d92">
         <name>osal_service_entry</name>
         <value>0x1bba1</value>
         <object_component_ref idref="oc-15f"/>
      </symbol>
      <symbol id="sm-d93">
         <name>osal_next_timeout</name>
         <value>0x1b465</value>
         <object_component_ref idref="oc-26a"/>
      </symbol>
      <symbol id="sm-d94">
         <name>GAP_DeviceInit</name>
         <value>0x1caad</value>
         <object_component_ref idref="oc-4cb"/>
      </symbol>
      <symbol id="sm-d95">
         <name>osal_get_timeoutEx</name>
         <value>0x1b35b</value>
         <object_component_ref idref="oc-26a"/>
      </symbol>
      <symbol id="sm-d96">
         <name>osal_msg_deallocate</name>
         <value>0x1ba2f</value>
         <object_component_ref idref="oc-15f"/>
      </symbol>
      <symbol id="sm-d97">
         <name>osal_run_system</name>
         <value>0x1bd65</value>
         <object_component_ref idref="oc-15f"/>
      </symbol>
      <symbol id="sm-d98">
         <name>osal_start_system</name>
         <value>0x1beb7</value>
         <object_component_ref idref="oc-15f"/>
      </symbol>
      <symbol id="sm-d99">
         <name>NOROM_FlashSectorErase</name>
         <value>0x1ca91</value>
         <object_component_ref idref="oc-4ee"/>
      </symbol>
      <symbol id="sm-d9a">
         <name>osalAdjustTimer</name>
         <value>0x1cd4d</value>
         <object_component_ref idref="oc-3b1"/>
      </symbol>
      <symbol id="sm-d9b">
         <name>__TI_decompress_none</name>
         <value>0x1ce45</value>
         <object_component_ref idref="oc-16"/>
      </symbol>
      <symbol id="sm-d9c">
         <name>NOROM_TRNGConfigure</name>
         <value>0x1b581</value>
         <object_component_ref idref="oc-518"/>
      </symbol>
      <symbol id="sm-d9d">
         <name>timerHead</name>
         <value>0x20004664</value>
         <object_component_ref idref="oc-511"/>
      </symbol>
      <symbol id="sm-d9e">
         <name>bleDispatch_Init</name>
         <value>0x1c557</value>
         <object_component_ref idref="oc-215"/>
      </symbol>
      <symbol id="sm-d9f">
         <name>HalFlashGetAddress</name>
         <value>0x1c569</value>
         <object_component_ref idref="oc-4dc"/>
      </symbol>
      <symbol id="sm-da0">
         <name>__TI_static_base__</name>
         <value>0x18000</value>
      </symbol>
      <symbol id="sm-e47">
         <name>SHT$$INIT_ARRAY$$Limit</name>
         <value>0x0</value>
      </symbol>
      <symbol id="sm-e48">
         <name>SHT$$INIT_ARRAY$$Base</name>
         <value>0x0</value>
      </symbol>
   </symbol_table>
   <title>Link successful</title>
</link_info>
