******************************************************************************
                  TI ARM Linker PC v5.2.6                      
******************************************************************************
>> Linked Mon Aug 23 14:35:49 2021

OUTPUT FILE NAME:   <BLEsensor_cc2650lp_app.out>
ENTRY POINT SYMBOL: "ResetISR"  address: 00005c71


MEMORY CONFIGURATION

         name            origin    length      used     unused   attr    fill
----------------------  --------  ---------  --------  --------  ----  --------
  FLASH                 00000000   00018000  00008426  0000fbda  R  X
  FLASH_LAST_PAGE       0001f000   00001000  00000058  00000fa8  R  X
  SRAM                  20000000   000045f8  0000200e  000025ea  RW X


SEGMENT ALLOCATION MAP

run origin  load origin   length   init length attrs members
----------  ----------- ---------- ----------- ----- -------
00000000    00000000    00008430   00008430    r-x
  00000000    00000000    0000003c   0000003c    r-- .resetVecs
  0000003c    0000003c    000000c4   000000c4    r-x .text.1
  00000100    00000100    0000003c   0000003c    r-- .const:ti_sysbios_knl_Task_Object__PARAMS__C
  0000013c    0000013c    00000034   00000034    r-- .const:ti_sysbios_knl_Mailbox_Object__PARAMS__C
  00000170    00000170    00000030   00000030    r-- .const:ti_sysbios_family_arm_m3_Hwi_Object__PARAMS__C
  000001a0    000001a0    0000002c   0000002c    r-- .const:ti_sysbios_hal_Hwi_Object__PARAMS__C
  000001cc    000001cc    00000028   00000028    r-- .const:ti_sysbios_heaps_HeapMem_Module__FXNS__C
  000001f4    000001f4    00000028   00000028    r-- .const:ti_sysbios_knl_Swi_Object__PARAMS__C
  0000021c    0000021c    00000024   00000024    r-- .const:ti_sysbios_gates_GateHwi_Module__FXNS__C
  00000240    00000240    00000024   00000024    r-- .const:ti_sysbios_gates_GateMutex_Module__FXNS__C
  00000264    00000264    00000024   00000024    r-- .const:ti_sysbios_heaps_HeapMem_Object__PARAMS__C
  00000288    00000288    00000024   00000024    r-- .const:ti_sysbios_knl_Clock_Object__PARAMS__C
  000002ac    000002ac    00000024   00000024    r-- .const:ti_sysbios_knl_Semaphore_Object__PARAMS__C
  000002d0    000002d0    00000020   00000020    r-- .const:ti_sysbios_family_arm_m3_Hwi_Object__DESC__C
  000002f0    000002f0    00000020   00000020    r-- .const:ti_sysbios_gates_GateHwi_Object__DESC__C
  00000310    00000310    00000020   00000020    r-- .const:ti_sysbios_gates_GateMutex_Object__DESC__C
  00000330    00000330    00000020   00000020    r-- .const:ti_sysbios_hal_Hwi_Object__DESC__C
  00000350    00000350    00000020   00000020    r-- .const:ti_sysbios_heaps_HeapMem_Object__DESC__C
  00000370    00000370    00000020   00000020    r-- .const:ti_sysbios_knl_Clock_Object__DESC__C
  00000390    00000390    00000020   00000020    r-- .const:ti_sysbios_knl_Mailbox_Object__DESC__C
  000003b0    000003b0    00000020   00000020    r-- .const:ti_sysbios_knl_Queue_Object__DESC__C
  000003d0    000003d0    00000020   00000020    r-- .const:ti_sysbios_knl_Semaphore_Object__DESC__C
  000003f0    000003f0    00000020   00000020    r-- .const:ti_sysbios_knl_Swi_Object__DESC__C
  00000410    00000410    00000020   00000020    r-- .const:ti_sysbios_knl_Task_Object__DESC__C
  00000430    00000430    00000018   00000018    r-- .const:ti_sysbios_gates_GateHwi_Object__PARAMS__C
  00000448    00000448    00000018   00000018    r-- .const:ti_sysbios_gates_GateMutex_Object__PARAMS__C
  00000460    00000460    00000018   00000018    r-- .const:ti_sysbios_knl_Queue_Object__PARAMS__C
  00000478    00000478    00000008   00000008    r-- .const:ti_sysbios_knl_Idle_funcList__C
  00000480    00000480    00000004   00000004    r-x .text.2
  00000484    00000484    00000004   00000004    r-- .const:ti_sysbios_family_arm_cc26xx_Timer_startupNeeded__C
  00000488    00000488    00000004   00000004    r-- .const:ti_sysbios_family_arm_m3_Hwi_E_alreadyDefined__C
  0000048c    0000048c    00000004   00000004    r-- .const:ti_sysbios_family_arm_m3_Hwi_E_hwiLimitExceeded__C
  00000490    00000490    00000004   00000004    r-- .const:ti_sysbios_family_arm_m3_Hwi_NUM_INTERRUPTS__C
  00000494    00000494    00000004   00000004    r-- .const:ti_sysbios_family_arm_m3_Hwi_Object__count__C
  00000498    00000498    00000004   00000004    r-- .const:ti_sysbios_family_arm_m3_Hwi_Object__table__C
  0000049c    0000049c    00000004   00000004    r-- .const:ti_sysbios_family_arm_m3_Hwi_ccr__C
  000004a0    000004a0    00000004   00000004    r-- .const:ti_sysbios_family_arm_m3_Hwi_excHandlerFunc__C
  000004a4    000004a4    00000004   00000004    r-- .const:ti_sysbios_family_arm_m3_Hwi_nullIsrFunc__C
  000004a8    000004a8    00000004   00000004    r-- .const:ti_sysbios_family_arm_m3_Hwi_numSparseInterrupts__C
  000004ac    000004ac    00000004   00000004    r-- .const:ti_sysbios_family_arm_m3_Hwi_priGroup__C
  000004b0    000004b0    00000004   00000004    r-- .const:ti_sysbios_family_arm_m3_TaskSupport_stackAlignment__C
  000004b4    000004b4    00000004   00000004    r-- .const:ti_sysbios_heaps_HeapMem_E_memory__C
  000004b8    000004b8    00000004   00000004    r-- .const:ti_sysbios_heaps_HeapMem_Module__gateObj__C
  000004bc    000004bc    00000004   00000004    r-- .const:ti_sysbios_heaps_HeapMem_Object__count__C
  000004c0    000004c0    00000004   00000004    r-- .const:ti_sysbios_heaps_HeapMem_Object__table__C
  000004c4    000004c4    00000004   00000004    r-- .const:ti_sysbios_heaps_HeapMem_reqAlign__C
  000004c8    000004c8    00000004   00000004    r-- .const:ti_sysbios_knl_Clock_serviceMargin__C
  000004cc    000004cc    00000004   00000004    r-- .const:ti_sysbios_knl_Mailbox_Object__count__C
  000004d0    000004d0    00000004   00000004    r-- .const:ti_sysbios_knl_Mailbox_Object__table__C
  000004d4    000004d4    00000004   00000004    r-- .const:ti_sysbios_knl_Queue_Object__count__C
  000004d8    000004d8    00000004   00000004    r-- .const:ti_sysbios_knl_Queue_Object__table__C
  000004dc    000004dc    00000004   00000004    r-- .const:ti_sysbios_knl_Swi_Object__count__C
  000004e0    000004e0    00000004   00000004    r-- .const:ti_sysbios_knl_Swi_Object__table__C
  000004e4    000004e4    00000004   00000004    r-- .const:ti_sysbios_knl_Swi_numPriorities__C
  000004e8    000004e8    00000004   00000004    r-- .const:ti_sysbios_knl_Task_Object__count__C
  000004ec    000004ec    00000004   00000004    r-- .const:ti_sysbios_knl_Task_Object__table__C
  000004f0    000004f0    00000004   00000004    r-- .const:ti_sysbios_knl_Task_allBlockedFunc__C
  000004f4    000004f4    00000004   00000004    r-- .const:ti_sysbios_knl_Task_defaultStackHeap__C
  000004f8    000004f8    00000004   00000004    r-- .const:ti_sysbios_knl_Task_defaultStackSize__C
  000004fc    000004fc    00000004   00000004    r-- .const:ti_sysbios_knl_Task_numConstructedTasks__C
  00000500    00000500    00000002   00000002    r-x .text.3
  00000502    00000502    00000002   00000002    r-- .const:ti_sysbios_family_arm_cc26xx_Timer_Module__id__C
  00000504    00000504    00000002   00000002    r-- .const:ti_sysbios_family_arm_cc26xx_TimestampProvider_useClockTimer__C
  00000506    00000506    00000002   00000002    r-- .const:ti_sysbios_family_arm_m3_Hwi_Module__id__C
  00000508    00000508    00000002   00000002    r-- .const:ti_sysbios_gates_GateHwi_Module__id__C
  0000050a    0000050a    00000002   00000002    r-- .const:ti_sysbios_gates_GateMutex_Module__id__C
  0000050c    0000050c    00000002   00000002    r-- .const:ti_sysbios_heaps_HeapMem_Module__id__C
  0000050e    0000050e    00000002   00000002    r-- .const:ti_sysbios_knl_Task_initStackFlag__C
  00000510    00000510    00000001   00000001    r-- .const:ti_sysbios_knl_Clock_tickMode__C
  00000514    00000514    00000008   00000008    r-- .const:xdc_runtime_Startup_firstFxns__C
  0000051c    0000051c    00000008   00000008    r-- .const:xdc_runtime_Startup_lastFxns__C
  00000524    00000524    00000004   00000004    r-- .const:xdc_runtime_Assert_E_assertFailed__C
  00000528    00000528    00000004   00000004    r-- .const:xdc_runtime_Error_E_memory__C
  0000052c    0000052c    00000004   00000004    r-- .const:xdc_runtime_Error_policyFxn__C
  00000530    00000530    00000004   00000004    r-- .const:xdc_runtime_IGateProvider_Interface__BASE__C
  00000534    00000534    00000004   00000004    r-- .const:xdc_runtime_IHeap_Interface__BASE__C
  00000538    00000538    00000004   00000004    r-- .const:xdc_runtime_IModule_Interface__BASE__C
  0000053c    0000053c    00000004   00000004    r-- .const:xdc_runtime_Main_Module__diagsEnabled__C
  00000540    00000540    00000004   00000004    r-- .const:xdc_runtime_Main_Module__diagsIncluded__C
  00000544    00000544    00000004   00000004    r-- .const:xdc_runtime_Main_Module__diagsMask__C
  00000548    00000548    00000004   00000004    r-- .const:xdc_runtime_Memory_defaultHeapInstance__C
  0000054c    0000054c    00000004   00000004    r-- .const:xdc_runtime_Startup_execImpl__C
  00000550    00000550    00000004   00000004    r-- .const:xdc_runtime_Startup_maxPasses__C
  00000554    00000554    00000004   00000004    r-- .const:xdc_runtime_Startup_sfxnRts__C
  00000558    00000558    00000004   00000004    r-- .const:xdc_runtime_Startup_sfxnTab__C
  0000055c    0000055c    00000004   00000004    r-- .const:xdc_runtime_Startup_startModsFxn__C
  00000560    00000560    00000004   00000004    r-- .const:xdc_runtime_SysCallback_abortFxn__C
  00000564    00000564    00000004   00000004    r-- .const:xdc_runtime_SysCallback_exitFxn__C
  00000568    00000568    00000004   00000004    r-- .const:xdc_runtime_System_abortFxn__C
  0000056c    0000056c    00000004   00000004    r-- .const:xdc_runtime_System_exitFxn__C
  00000570    00000570    00000004   00000004    r-- .const:xdc_runtime_System_maxAtexitHandlers__C
  00000574    00000574    00000004   00000004    r-- .const:xdc_runtime_Text_charTab__C
  00000578    00000578    00000004   00000004    r-- .const:xdc_runtime_Text_nameEmpty__C
  0000057c    0000057c    00000004   00000004    r-- .const:xdc_runtime_Text_nameStatic__C
  00000580    00000580    00000004   00000004    r-- .const:xdc_runtime_Text_nameUnknown__C
  00000584    00000584    00000002   00000002    r-- .const:xdc_runtime_Main_Module__id__C
  00000586    00000586    00000002   00000002    r-- .const:xdc_runtime_Memory_Module__id__C
  00000588    00000588    00000002   00000002    r-- .const:xdc_runtime_Text_charCnt__C
  0000058a    0000058a    00000002   00000002    r-- .const:xdc_runtime_Text_isLoaded__C
  0000058c    0000058c    00000001   00000001    r-- .const:xdc_runtime_Error_policy__C
  00000590    00000590    00000004   00000004    r-- .const:ti_sysbios_rom_ROM_AONRTCChannelEnable
  00000594    00000594    00000004   00000004    r-- .const:ti_sysbios_rom_ROM_AONRTCCompareValueSet
  00000598    00000598    00000004   00000004    r-- .const:ti_sysbios_rom_ROM_AONRTCCurrentCompareValueGet
  0000059c    0000059c    00000004   00000004    r-- .const:ti_sysbios_rom_ROM_AONRTCEventClear
  000005a0    000005a0    00000004   00000004    r-- .const:ti_sysbios_rom_ROM_ti_sysbios_family_arm_cc26xx_Timer_getCount64__E
  000005a4    000005a4    00000004   00000004    r-- .const:ti_sysbios_rom_ROM_ti_sysbios_family_arm_cc26xx_Timer_getCurrentTick__E
  000005a8    000005a8    00000004   00000004    r-- .const:ti_sysbios_rom_ROM_ti_sysbios_family_arm_cc26xx_Timer_getMaxTicks__E
  000005ac    000005ac    00000004   00000004    r-- .const:ti_sysbios_rom_ROM_ti_sysbios_family_arm_cc26xx_Timer_initDevice__I
  000005b0    000005b0    00000004   00000004    r-- .const:ti_sysbios_rom_ROM_ti_sysbios_family_arm_cc26xx_Timer_setNextTick__E
  000005b4    000005b4    00000004   00000004    r-- .const:ti_sysbios_rom_ROM_ti_sysbios_family_arm_cc26xx_Timer_setThreshold__I
  000005b8    000005b8    00000004   00000004    r-- .const:ti_sysbios_rom_ROM_ti_sysbios_family_arm_cc26xx_Timer_start__E
  000005bc    000005bc    00000004   00000004    r-- .const:ti_sysbios_rom_ROM_ti_sysbios_family_arm_cc26xx_TimestampProvider_get32__E
  000005c0    000005c0    00000004   00000004    r-- .const:ti_sysbios_rom_ROM_xdc_runtime_Startup_getState__I
  000005c4    000005c4    00000004   00000004    r-- .const:ti_sysbios_rom_ROM_xdc_runtime_System_SupportProxy_abort__E
  000005c8    000005c8    00000004   00000004    r-- .const:ti_sysbios_rom_ROM_xdc_runtime_System_SupportProxy_exit__E
  000005cc    000005cc    00000004   00000004    r-- .const:ti_sysbios_gates_GateMutex_Instance_State_sem__O
  000005d0    000005d0    00000004   00000004    r-- .const:ti_sysbios_knl_Clock_Module_State_clockQ__O
  000005d4    000005d4    00000004   00000004    r-- .const:ti_sysbios_knl_Mailbox_Instance_State_dataQue__O
  000005d8    000005d8    00000004   00000004    r-- .const:ti_sysbios_knl_Mailbox_Instance_State_dataSem__O
  000005dc    000005dc    00000004   00000004    r-- .const:ti_sysbios_knl_Mailbox_Instance_State_freeQue__O
  000005e0    000005e0    00000004   00000004    r-- .const:ti_sysbios_knl_Mailbox_Instance_State_freeSem__O
  000005e4    000005e4    00000004   00000004    r-- .const:ti_sysbios_knl_Semaphore_Instance_State_pendQ__O
  000005e8    000005e8    00000004   00000004    r-- .const:ti_sysbios_knl_Task_Module_State_inactiveQ__O
  000005ec    000005ec    0000761c   0000761c    r-x .text.4
  00007c08    00007c08    000003a4   000003a4    r-- .const
  00007fb0    00007fb0    00000480   00000480    r-- .cinit
0001ffa8    0001ffa8    00000058   00000058    r--
  0001ffa8    0001ffa8    00000058   00000058    r-- .ccfg
20000000    20000000    000000c8   00000000    rw-
  20000000    20000000    000000c8   00000000    rw- .vecs
20000100    20000100    00000104   00000000    rw-
  20000100    20000100    00000044   00000000    rw- .data:ti_sysbios_knl_Task_Module__state__V
  20000144    20000144    00000034   00000000    rw- .data:ti_sysbios_family_arm_m3_Hwi_Module__state__V
  20000178    20000178    0000002c   00000000    rw- .data:ti_sysbios_knl_Clock_Module__state__V
  200001a4    200001a4    00000024   00000000    rw- .data:ti_sysbios_BIOS_Module__state__V
  200001c8    200001c8    0000001c   00000000    rw- .data:ti_sysbios_knl_Swi_Module__state__V
  200001e4    200001e4    00000008   00000000    rw- .data:ti_sysbios_family_arm_cc26xx_Timer_Module__state__V
  200001ec    200001ec    00000004   00000000    rw- .data:ti_sysbios_family_arm_cc26xx_TimestampProvider_Module__state__V
  200001f0    200001f0    00000008   00000000    rw- .data:xdc_runtime_Startup_Module__state__V
  200001f8    200001f8    00000008   00000000    rw- .data:xdc_runtime_System_Module__state__V
  20000200    20000200    00000004   00000000    rw- .data:xdc_runtime_Memory_Module__state__V
20000430    20000430    00000010   00000000    rw-
  20000430    20000430    00000010   00000000    rw- .TI.bound:dmaRxControlTableEntry0
20000440    20000440    00000010   00000000    rw-
  20000440    20000440    00000010   00000000    rw- .TI.bound:dmaTxControlTableEntry0
20000500    20000500    00000010   00000000    rw-
  20000500    20000500    00000010   00000000    rw- .TI.bound:dmaRxControlTableEntry1
20000510    20000510    00001a12   00000000    rw-
  20000510    20000510    00000010   00000000    rw- .TI.bound:dmaTxControlTableEntry1
  20000520    20000520    00000488   00000000    rw- .data
  200009a8    200009a8    0000157a   00000000    rw- .bss
200041f8    200041f8    00000400   00000000    rw-
  200041f8    200041f8    00000400   00000000    rw- .stack


SECTION ALLOCATION MAP

 output                                  attributes/
section   page    origin      length       input sections
--------  ----  ----------  ----------   ----------------
.resetVecs 
*          0    00000000    0000003c     
                  00000000    0000003c     app_ble_pem3.oem3 (.resetVecs)

.text.1    0    0000003c    000000c4     
                  0000003c    000000c4     adxl362.obj (.text:ADXL362_initialize)

.const:ti_sysbios_knl_Task_Object__PARAMS__C 
*          0    00000100    0000003c     
                  00000100    0000003c     app_ble_pem3.oem3 (.const:ti_sysbios_knl_Task_Object__PARAMS__C)

.const:ti_sysbios_knl_Mailbox_Object__PARAMS__C 
*          0    0000013c    00000034     
                  0000013c    00000034     app_ble_pem3.oem3 (.const:ti_sysbios_knl_Mailbox_Object__PARAMS__C)

.const:ti_sysbios_family_arm_m3_Hwi_Object__PARAMS__C 
*          0    00000170    00000030     
                  00000170    00000030     app_ble_pem3.oem3 (.const:ti_sysbios_family_arm_m3_Hwi_Object__PARAMS__C)

.const:ti_sysbios_hal_Hwi_Object__PARAMS__C 
*          0    000001a0    0000002c     
                  000001a0    0000002c     app_ble_pem3.oem3 (.const:ti_sysbios_hal_Hwi_Object__PARAMS__C)

.const:ti_sysbios_heaps_HeapMem_Module__FXNS__C 
*          0    000001cc    00000028     
                  000001cc    00000028     app_ble_pem3.oem3 (.const:ti_sysbios_heaps_HeapMem_Module__FXNS__C)

.const:ti_sysbios_knl_Swi_Object__PARAMS__C 
*          0    000001f4    00000028     
                  000001f4    00000028     app_ble_pem3.oem3 (.const:ti_sysbios_knl_Swi_Object__PARAMS__C)

.const:ti_sysbios_gates_GateHwi_Module__FXNS__C 
*          0    0000021c    00000024     
                  0000021c    00000024     app_ble_pem3.oem3 (.const:ti_sysbios_gates_GateHwi_Module__FXNS__C)

.const:ti_sysbios_gates_GateMutex_Module__FXNS__C 
*          0    00000240    00000024     
                  00000240    00000024     app_ble_pem3.oem3 (.const:ti_sysbios_gates_GateMutex_Module__FXNS__C)

.const:ti_sysbios_heaps_HeapMem_Object__PARAMS__C 
*          0    00000264    00000024     
                  00000264    00000024     app_ble_pem3.oem3 (.const:ti_sysbios_heaps_HeapMem_Object__PARAMS__C)

.const:ti_sysbios_knl_Clock_Object__PARAMS__C 
*          0    00000288    00000024     
                  00000288    00000024     app_ble_pem3.oem3 (.const:ti_sysbios_knl_Clock_Object__PARAMS__C)

.const:ti_sysbios_knl_Semaphore_Object__PARAMS__C 
*          0    000002ac    00000024     
                  000002ac    00000024     app_ble_pem3.oem3 (.const:ti_sysbios_knl_Semaphore_Object__PARAMS__C)

.const:ti_sysbios_family_arm_m3_Hwi_Object__DESC__C 
*          0    000002d0    00000020     
                  000002d0    00000020     app_ble_pem3.oem3 (.const:ti_sysbios_family_arm_m3_Hwi_Object__DESC__C)

.const:ti_sysbios_gates_GateHwi_Object__DESC__C 
*          0    000002f0    00000020     
                  000002f0    00000020     app_ble_pem3.oem3 (.const:ti_sysbios_gates_GateHwi_Object__DESC__C)

.const:ti_sysbios_gates_GateMutex_Object__DESC__C 
*          0    00000310    00000020     
                  00000310    00000020     app_ble_pem3.oem3 (.const:ti_sysbios_gates_GateMutex_Object__DESC__C)

.const:ti_sysbios_hal_Hwi_Object__DESC__C 
*          0    00000330    00000020     
                  00000330    00000020     app_ble_pem3.oem3 (.const:ti_sysbios_hal_Hwi_Object__DESC__C)

.const:ti_sysbios_heaps_HeapMem_Object__DESC__C 
*          0    00000350    00000020     
                  00000350    00000020     app_ble_pem3.oem3 (.const:ti_sysbios_heaps_HeapMem_Object__DESC__C)

.const:ti_sysbios_knl_Clock_Object__DESC__C 
*          0    00000370    00000020     
                  00000370    00000020     app_ble_pem3.oem3 (.const:ti_sysbios_knl_Clock_Object__DESC__C)

.const:ti_sysbios_knl_Mailbox_Object__DESC__C 
*          0    00000390    00000020     
                  00000390    00000020     app_ble_pem3.oem3 (.const:ti_sysbios_knl_Mailbox_Object__DESC__C)

.const:ti_sysbios_knl_Queue_Object__DESC__C 
*          0    000003b0    00000020     
                  000003b0    00000020     app_ble_pem3.oem3 (.const:ti_sysbios_knl_Queue_Object__DESC__C)

.const:ti_sysbios_knl_Semaphore_Object__DESC__C 
*          0    000003d0    00000020     
                  000003d0    00000020     app_ble_pem3.oem3 (.const:ti_sysbios_knl_Semaphore_Object__DESC__C)

.const:ti_sysbios_knl_Swi_Object__DESC__C 
*          0    000003f0    00000020     
                  000003f0    00000020     app_ble_pem3.oem3 (.const:ti_sysbios_knl_Swi_Object__DESC__C)

.const:ti_sysbios_knl_Task_Object__DESC__C 
*          0    00000410    00000020     
                  00000410    00000020     app_ble_pem3.oem3 (.const:ti_sysbios_knl_Task_Object__DESC__C)

.const:ti_sysbios_gates_GateHwi_Object__PARAMS__C 
*          0    00000430    00000018     
                  00000430    00000018     app_ble_pem3.oem3 (.const:ti_sysbios_gates_GateHwi_Object__PARAMS__C)

.const:ti_sysbios_gates_GateMutex_Object__PARAMS__C 
*          0    00000448    00000018     
                  00000448    00000018     app_ble_pem3.oem3 (.const:ti_sysbios_gates_GateMutex_Object__PARAMS__C)

.const:ti_sysbios_knl_Queue_Object__PARAMS__C 
*          0    00000460    00000018     
                  00000460    00000018     app_ble_pem3.oem3 (.const:ti_sysbios_knl_Queue_Object__PARAMS__C)

.const:ti_sysbios_knl_Idle_funcList__C 
*          0    00000478    00000008     
                  00000478    00000008     app_ble_pem3.oem3 (.const:ti_sysbios_knl_Idle_funcList__C)

.text.2    0    00000480    00000004     
                  00000480    00000004     icall.obj (.text:ICall_primAbort)

.const:ti_sysbios_family_arm_cc26xx_Timer_startupNeeded__C 
*          0    00000484    00000004     
                  00000484    00000004     app_ble_pem3.oem3 (.const:ti_sysbios_family_arm_cc26xx_Timer_startupNeeded__C)

.const:ti_sysbios_family_arm_m3_Hwi_E_alreadyDefined__C 
*          0    00000488    00000004     
                  00000488    00000004     app_ble_pem3.oem3 (.const:ti_sysbios_family_arm_m3_Hwi_E_alreadyDefined__C)

.const:ti_sysbios_family_arm_m3_Hwi_E_hwiLimitExceeded__C 
*          0    0000048c    00000004     
                  0000048c    00000004     app_ble_pem3.oem3 (.const:ti_sysbios_family_arm_m3_Hwi_E_hwiLimitExceeded__C)

.const:ti_sysbios_family_arm_m3_Hwi_NUM_INTERRUPTS__C 
*          0    00000490    00000004     
                  00000490    00000004     app_ble_pem3.oem3 (.const:ti_sysbios_family_arm_m3_Hwi_NUM_INTERRUPTS__C)

.const:ti_sysbios_family_arm_m3_Hwi_Object__count__C 
*          0    00000494    00000004     
                  00000494    00000004     app_ble_pem3.oem3 (.const:ti_sysbios_family_arm_m3_Hwi_Object__count__C)

.const:ti_sysbios_family_arm_m3_Hwi_Object__table__C 
*          0    00000498    00000004     
                  00000498    00000004     app_ble_pem3.oem3 (.const:ti_sysbios_family_arm_m3_Hwi_Object__table__C)

.const:ti_sysbios_family_arm_m3_Hwi_ccr__C 
*          0    0000049c    00000004     
                  0000049c    00000004     app_ble_pem3.oem3 (.const:ti_sysbios_family_arm_m3_Hwi_ccr__C)

.const:ti_sysbios_family_arm_m3_Hwi_excHandlerFunc__C 
*          0    000004a0    00000004     
                  000004a0    00000004     app_ble_pem3.oem3 (.const:ti_sysbios_family_arm_m3_Hwi_excHandlerFunc__C)

.const:ti_sysbios_family_arm_m3_Hwi_nullIsrFunc__C 
*          0    000004a4    00000004     
                  000004a4    00000004     app_ble_pem3.oem3 (.const:ti_sysbios_family_arm_m3_Hwi_nullIsrFunc__C)

.const:ti_sysbios_family_arm_m3_Hwi_numSparseInterrupts__C 
*          0    000004a8    00000004     
                  000004a8    00000004     app_ble_pem3.oem3 (.const:ti_sysbios_family_arm_m3_Hwi_numSparseInterrupts__C)

.const:ti_sysbios_family_arm_m3_Hwi_priGroup__C 
*          0    000004ac    00000004     
                  000004ac    00000004     app_ble_pem3.oem3 (.const:ti_sysbios_family_arm_m3_Hwi_priGroup__C)

.const:ti_sysbios_family_arm_m3_TaskSupport_stackAlignment__C 
*          0    000004b0    00000004     
                  000004b0    00000004     app_ble_pem3.oem3 (.const:ti_sysbios_family_arm_m3_TaskSupport_stackAlignment__C)

.const:ti_sysbios_heaps_HeapMem_E_memory__C 
*          0    000004b4    00000004     
                  000004b4    00000004     app_ble_pem3.oem3 (.const:ti_sysbios_heaps_HeapMem_E_memory__C)

.const:ti_sysbios_heaps_HeapMem_Module__gateObj__C 
*          0    000004b8    00000004     
                  000004b8    00000004     app_ble_pem3.oem3 (.const:ti_sysbios_heaps_HeapMem_Module__gateObj__C)

.const:ti_sysbios_heaps_HeapMem_Object__count__C 
*          0    000004bc    00000004     
                  000004bc    00000004     app_ble_pem3.oem3 (.const:ti_sysbios_heaps_HeapMem_Object__count__C)

.const:ti_sysbios_heaps_HeapMem_Object__table__C 
*          0    000004c0    00000004     
                  000004c0    00000004     app_ble_pem3.oem3 (.const:ti_sysbios_heaps_HeapMem_Object__table__C)

.const:ti_sysbios_heaps_HeapMem_reqAlign__C 
*          0    000004c4    00000004     
                  000004c4    00000004     app_ble_pem3.oem3 (.const:ti_sysbios_heaps_HeapMem_reqAlign__C)

.const:ti_sysbios_knl_Clock_serviceMargin__C 
*          0    000004c8    00000004     
                  000004c8    00000004     app_ble_pem3.oem3 (.const:ti_sysbios_knl_Clock_serviceMargin__C)

.const:ti_sysbios_knl_Mailbox_Object__count__C 
*          0    000004cc    00000004     
                  000004cc    00000004     app_ble_pem3.oem3 (.const:ti_sysbios_knl_Mailbox_Object__count__C)

.const:ti_sysbios_knl_Mailbox_Object__table__C 
*          0    000004d0    00000004     
                  000004d0    00000004     app_ble_pem3.oem3 (.const:ti_sysbios_knl_Mailbox_Object__table__C)

.const:ti_sysbios_knl_Queue_Object__count__C 
*          0    000004d4    00000004     
                  000004d4    00000004     app_ble_pem3.oem3 (.const:ti_sysbios_knl_Queue_Object__count__C)

.const:ti_sysbios_knl_Queue_Object__table__C 
*          0    000004d8    00000004     
                  000004d8    00000004     app_ble_pem3.oem3 (.const:ti_sysbios_knl_Queue_Object__table__C)

.const:ti_sysbios_knl_Swi_Object__count__C 
*          0    000004dc    00000004     
                  000004dc    00000004     app_ble_pem3.oem3 (.const:ti_sysbios_knl_Swi_Object__count__C)

.const:ti_sysbios_knl_Swi_Object__table__C 
*          0    000004e0    00000004     
                  000004e0    00000004     app_ble_pem3.oem3 (.const:ti_sysbios_knl_Swi_Object__table__C)

.const:ti_sysbios_knl_Swi_numPriorities__C 
*          0    000004e4    00000004     
                  000004e4    00000004     app_ble_pem3.oem3 (.const:ti_sysbios_knl_Swi_numPriorities__C)

.const:ti_sysbios_knl_Task_Object__count__C 
*          0    000004e8    00000004     
                  000004e8    00000004     app_ble_pem3.oem3 (.const:ti_sysbios_knl_Task_Object__count__C)

.const:ti_sysbios_knl_Task_Object__table__C 
*          0    000004ec    00000004     
                  000004ec    00000004     app_ble_pem3.oem3 (.const:ti_sysbios_knl_Task_Object__table__C)

.const:ti_sysbios_knl_Task_allBlockedFunc__C 
*          0    000004f0    00000004     
                  000004f0    00000004     app_ble_pem3.oem3 (.const:ti_sysbios_knl_Task_allBlockedFunc__C)

.const:ti_sysbios_knl_Task_defaultStackHeap__C 
*          0    000004f4    00000004     
                  000004f4    00000004     app_ble_pem3.oem3 (.const:ti_sysbios_knl_Task_defaultStackHeap__C)

.const:ti_sysbios_knl_Task_defaultStackSize__C 
*          0    000004f8    00000004     
                  000004f8    00000004     app_ble_pem3.oem3 (.const:ti_sysbios_knl_Task_defaultStackSize__C)

.const:ti_sysbios_knl_Task_numConstructedTasks__C 
*          0    000004fc    00000004     
                  000004fc    00000004     app_ble_pem3.oem3 (.const:ti_sysbios_knl_Task_numConstructedTasks__C)

.text.3    0    00000500    00000002     
                  00000500    00000002     ble_user_config.obj (.text:DefaultAssertCback)

.const:ti_sysbios_family_arm_cc26xx_Timer_Module__id__C 
*          0    00000502    00000002     
                  00000502    00000002     app_ble_pem3.oem3 (.const:ti_sysbios_family_arm_cc26xx_Timer_Module__id__C)

.const:ti_sysbios_family_arm_cc26xx_TimestampProvider_useClockTimer__C 
*          0    00000504    00000002     
                  00000504    00000002     app_ble_pem3.oem3 (.const:ti_sysbios_family_arm_cc26xx_TimestampProvider_useClockTimer__C)

.const:ti_sysbios_family_arm_m3_Hwi_Module__id__C 
*          0    00000506    00000002     
                  00000506    00000002     app_ble_pem3.oem3 (.const:ti_sysbios_family_arm_m3_Hwi_Module__id__C)

.const:ti_sysbios_gates_GateHwi_Module__id__C 
*          0    00000508    00000002     
                  00000508    00000002     app_ble_pem3.oem3 (.const:ti_sysbios_gates_GateHwi_Module__id__C)

.const:ti_sysbios_gates_GateMutex_Module__id__C 
*          0    0000050a    00000002     
                  0000050a    00000002     app_ble_pem3.oem3 (.const:ti_sysbios_gates_GateMutex_Module__id__C)

.const:ti_sysbios_heaps_HeapMem_Module__id__C 
*          0    0000050c    00000002     
                  0000050c    00000002     app_ble_pem3.oem3 (.const:ti_sysbios_heaps_HeapMem_Module__id__C)

.const:ti_sysbios_knl_Task_initStackFlag__C 
*          0    0000050e    00000002     
                  0000050e    00000002     app_ble_pem3.oem3 (.const:ti_sysbios_knl_Task_initStackFlag__C)

.const:ti_sysbios_knl_Clock_tickMode__C 
*          0    00000510    00000001     
                  00000510    00000001     app_ble_pem3.oem3 (.const:ti_sysbios_knl_Clock_tickMode__C)

.const:xdc_runtime_Startup_firstFxns__C 
*          0    00000514    00000008     
                  00000514    00000008     app_ble_pem3.oem3 (.const:xdc_runtime_Startup_firstFxns__C)

.const:xdc_runtime_Startup_lastFxns__C 
*          0    0000051c    00000008     
                  0000051c    00000008     app_ble_pem3.oem3 (.const:xdc_runtime_Startup_lastFxns__C)

.const:xdc_runtime_Assert_E_assertFailed__C 
*          0    00000524    00000004     
                  00000524    00000004     app_ble_pem3.oem3 (.const:xdc_runtime_Assert_E_assertFailed__C)

.const:xdc_runtime_Error_E_memory__C 
*          0    00000528    00000004     
                  00000528    00000004     app_ble_pem3.oem3 (.const:xdc_runtime_Error_E_memory__C)

.const:xdc_runtime_Error_policyFxn__C 
*          0    0000052c    00000004     
                  0000052c    00000004     app_ble_pem3.oem3 (.const:xdc_runtime_Error_policyFxn__C)

.const:xdc_runtime_IGateProvider_Interface__BASE__C 
*          0    00000530    00000004     
                  00000530    00000004     app_ble_pem3.oem3 (.const:xdc_runtime_IGateProvider_Interface__BASE__C)

.const:xdc_runtime_IHeap_Interface__BASE__C 
*          0    00000534    00000004     
                  00000534    00000004     app_ble_pem3.oem3 (.const:xdc_runtime_IHeap_Interface__BASE__C)

.const:xdc_runtime_IModule_Interface__BASE__C 
*          0    00000538    00000004     
                  00000538    00000004     app_ble_pem3.oem3 (.const:xdc_runtime_IModule_Interface__BASE__C)

.const:xdc_runtime_Main_Module__diagsEnabled__C 
*          0    0000053c    00000004     
                  0000053c    00000004     app_ble_pem3.oem3 (.const:xdc_runtime_Main_Module__diagsEnabled__C)

.const:xdc_runtime_Main_Module__diagsIncluded__C 
*          0    00000540    00000004     
                  00000540    00000004     app_ble_pem3.oem3 (.const:xdc_runtime_Main_Module__diagsIncluded__C)

.const:xdc_runtime_Main_Module__diagsMask__C 
*          0    00000544    00000004     
                  00000544    00000004     app_ble_pem3.oem3 (.const:xdc_runtime_Main_Module__diagsMask__C)

.const:xdc_runtime_Memory_defaultHeapInstance__C 
*          0    00000548    00000004     
                  00000548    00000004     app_ble_pem3.oem3 (.const:xdc_runtime_Memory_defaultHeapInstance__C)

.const:xdc_runtime_Startup_execImpl__C 
*          0    0000054c    00000004     
                  0000054c    00000004     app_ble_pem3.oem3 (.const:xdc_runtime_Startup_execImpl__C)

.const:xdc_runtime_Startup_maxPasses__C 
*          0    00000550    00000004     
                  00000550    00000004     app_ble_pem3.oem3 (.const:xdc_runtime_Startup_maxPasses__C)

.const:xdc_runtime_Startup_sfxnRts__C 
*          0    00000554    00000004     
                  00000554    00000004     app_ble_pem3.oem3 (.const:xdc_runtime_Startup_sfxnRts__C)

.const:xdc_runtime_Startup_sfxnTab__C 
*          0    00000558    00000004     
                  00000558    00000004     app_ble_pem3.oem3 (.const:xdc_runtime_Startup_sfxnTab__C)

.const:xdc_runtime_Startup_startModsFxn__C 
*          0    0000055c    00000004     
                  0000055c    00000004     app_ble_pem3.oem3 (.const:xdc_runtime_Startup_startModsFxn__C)

.const:xdc_runtime_SysCallback_abortFxn__C 
*          0    00000560    00000004     
                  00000560    00000004     app_ble_pem3.oem3 (.const:xdc_runtime_SysCallback_abortFxn__C)

.const:xdc_runtime_SysCallback_exitFxn__C 
*          0    00000564    00000004     
                  00000564    00000004     app_ble_pem3.oem3 (.const:xdc_runtime_SysCallback_exitFxn__C)

.const:xdc_runtime_System_abortFxn__C 
*          0    00000568    00000004     
                  00000568    00000004     app_ble_pem3.oem3 (.const:xdc_runtime_System_abortFxn__C)

.const:xdc_runtime_System_exitFxn__C 
*          0    0000056c    00000004     
                  0000056c    00000004     app_ble_pem3.oem3 (.const:xdc_runtime_System_exitFxn__C)

.const:xdc_runtime_System_maxAtexitHandlers__C 
*          0    00000570    00000004     
                  00000570    00000004     app_ble_pem3.oem3 (.const:xdc_runtime_System_maxAtexitHandlers__C)

.const:xdc_runtime_Text_charTab__C 
*          0    00000574    00000004     
                  00000574    00000004     app_ble_pem3.oem3 (.const:xdc_runtime_Text_charTab__C)

.const:xdc_runtime_Text_nameEmpty__C 
*          0    00000578    00000004     
                  00000578    00000004     app_ble_pem3.oem3 (.const:xdc_runtime_Text_nameEmpty__C)

.const:xdc_runtime_Text_nameStatic__C 
*          0    0000057c    00000004     
                  0000057c    00000004     app_ble_pem3.oem3 (.const:xdc_runtime_Text_nameStatic__C)

.const:xdc_runtime_Text_nameUnknown__C 
*          0    00000580    00000004     
                  00000580    00000004     app_ble_pem3.oem3 (.const:xdc_runtime_Text_nameUnknown__C)

.const:xdc_runtime_Main_Module__id__C 
*          0    00000584    00000002     
                  00000584    00000002     app_ble_pem3.oem3 (.const:xdc_runtime_Main_Module__id__C)

.const:xdc_runtime_Memory_Module__id__C 
*          0    00000586    00000002     
                  00000586    00000002     app_ble_pem3.oem3 (.const:xdc_runtime_Memory_Module__id__C)

.const:xdc_runtime_Text_charCnt__C 
*          0    00000588    00000002     
                  00000588    00000002     app_ble_pem3.oem3 (.const:xdc_runtime_Text_charCnt__C)

.const:xdc_runtime_Text_isLoaded__C 
*          0    0000058a    00000002     
                  0000058a    00000002     app_ble_pem3.oem3 (.const:xdc_runtime_Text_isLoaded__C)

.const:xdc_runtime_Error_policy__C 
*          0    0000058c    00000001     
                  0000058c    00000001     app_ble_pem3.oem3 (.const:xdc_runtime_Error_policy__C)

.const:ti_sysbios_rom_ROM_AONRTCChannelEnable 
*          0    00000590    00000004     
                  00000590    00000004     app_ble_pem3.oem3 (.const:ti_sysbios_rom_ROM_AONRTCChannelEnable)

.const:ti_sysbios_rom_ROM_AONRTCCompareValueSet 
*          0    00000594    00000004     
                  00000594    00000004     app_ble_pem3.oem3 (.const:ti_sysbios_rom_ROM_AONRTCCompareValueSet)

.const:ti_sysbios_rom_ROM_AONRTCCurrentCompareValueGet 
*          0    00000598    00000004     
                  00000598    00000004     app_ble_pem3.oem3 (.const:ti_sysbios_rom_ROM_AONRTCCurrentCompareValueGet)

.const:ti_sysbios_rom_ROM_AONRTCEventClear 
*          0    0000059c    00000004     
                  0000059c    00000004     app_ble_pem3.oem3 (.const:ti_sysbios_rom_ROM_AONRTCEventClear)

.const:ti_sysbios_rom_ROM_ti_sysbios_family_arm_cc26xx_Timer_getCount64__E 
*          0    000005a0    00000004     
                  000005a0    00000004     app_ble_pem3.oem3 (.const:ti_sysbios_rom_ROM_ti_sysbios_family_arm_cc26xx_Timer_getCount64__E)

.const:ti_sysbios_rom_ROM_ti_sysbios_family_arm_cc26xx_Timer_getCurrentTick__E 
*          0    000005a4    00000004     
                  000005a4    00000004     app_ble_pem3.oem3 (.const:ti_sysbios_rom_ROM_ti_sysbios_family_arm_cc26xx_Timer_getCurrentTick__E)

.const:ti_sysbios_rom_ROM_ti_sysbios_family_arm_cc26xx_Timer_getMaxTicks__E 
*          0    000005a8    00000004     
                  000005a8    00000004     app_ble_pem3.oem3 (.const:ti_sysbios_rom_ROM_ti_sysbios_family_arm_cc26xx_Timer_getMaxTicks__E)

.const:ti_sysbios_rom_ROM_ti_sysbios_family_arm_cc26xx_Timer_initDevice__I 
*          0    000005ac    00000004     
                  000005ac    00000004     app_ble_pem3.oem3 (.const:ti_sysbios_rom_ROM_ti_sysbios_family_arm_cc26xx_Timer_initDevice__I)

.const:ti_sysbios_rom_ROM_ti_sysbios_family_arm_cc26xx_Timer_setNextTick__E 
*          0    000005b0    00000004     
                  000005b0    00000004     app_ble_pem3.oem3 (.const:ti_sysbios_rom_ROM_ti_sysbios_family_arm_cc26xx_Timer_setNextTick__E)

.const:ti_sysbios_rom_ROM_ti_sysbios_family_arm_cc26xx_Timer_setThreshold__I 
*          0    000005b4    00000004     
                  000005b4    00000004     app_ble_pem3.oem3 (.const:ti_sysbios_rom_ROM_ti_sysbios_family_arm_cc26xx_Timer_setThreshold__I)

.const:ti_sysbios_rom_ROM_ti_sysbios_family_arm_cc26xx_Timer_start__E 
*          0    000005b8    00000004     
                  000005b8    00000004     app_ble_pem3.oem3 (.const:ti_sysbios_rom_ROM_ti_sysbios_family_arm_cc26xx_Timer_start__E)

.const:ti_sysbios_rom_ROM_ti_sysbios_family_arm_cc26xx_TimestampProvider_get32__E 
*          0    000005bc    00000004     
                  000005bc    00000004     app_ble_pem3.oem3 (.const:ti_sysbios_rom_ROM_ti_sysbios_family_arm_cc26xx_TimestampProvider_get32__E)

.const:ti_sysbios_rom_ROM_xdc_runtime_Startup_getState__I 
*          0    000005c0    00000004     
                  000005c0    00000004     app_ble_pem3.oem3 (.const:ti_sysbios_rom_ROM_xdc_runtime_Startup_getState__I)

.const:ti_sysbios_rom_ROM_xdc_runtime_System_SupportProxy_abort__E 
*          0    000005c4    00000004     
                  000005c4    00000004     app_ble_pem3.oem3 (.const:ti_sysbios_rom_ROM_xdc_runtime_System_SupportProxy_abort__E)

.const:ti_sysbios_rom_ROM_xdc_runtime_System_SupportProxy_exit__E 
*          0    000005c8    00000004     
                  000005c8    00000004     app_ble_pem3.oem3 (.const:ti_sysbios_rom_ROM_xdc_runtime_System_SupportProxy_exit__E)

.const:ti_sysbios_gates_GateMutex_Instance_State_sem__O 
*          0    000005cc    00000004     
                  000005cc    00000004     app_ble_pem3.oem3 (.const:ti_sysbios_gates_GateMutex_Instance_State_sem__O)

.const:ti_sysbios_knl_Clock_Module_State_clockQ__O 
*          0    000005d0    00000004     
                  000005d0    00000004     app_ble_pem3.oem3 (.const:ti_sysbios_knl_Clock_Module_State_clockQ__O)

.const:ti_sysbios_knl_Mailbox_Instance_State_dataQue__O 
*          0    000005d4    00000004     
                  000005d4    00000004     app_ble_pem3.oem3 (.const:ti_sysbios_knl_Mailbox_Instance_State_dataQue__O)

.const:ti_sysbios_knl_Mailbox_Instance_State_dataSem__O 
*          0    000005d8    00000004     
                  000005d8    00000004     app_ble_pem3.oem3 (.const:ti_sysbios_knl_Mailbox_Instance_State_dataSem__O)

.const:ti_sysbios_knl_Mailbox_Instance_State_freeQue__O 
*          0    000005dc    00000004     
                  000005dc    00000004     app_ble_pem3.oem3 (.const:ti_sysbios_knl_Mailbox_Instance_State_freeQue__O)

.const:ti_sysbios_knl_Mailbox_Instance_State_freeSem__O 
*          0    000005e0    00000004     
                  000005e0    00000004     app_ble_pem3.oem3 (.const:ti_sysbios_knl_Mailbox_Instance_State_freeSem__O)

.const:ti_sysbios_knl_Semaphore_Instance_State_pendQ__O 
*          0    000005e4    00000004     
                  000005e4    00000004     app_ble_pem3.oem3 (.const:ti_sysbios_knl_Semaphore_Instance_State_pendQ__O)

.const:ti_sysbios_knl_Task_Module_State_inactiveQ__O 
*          0    000005e8    00000004     
                  000005e8    00000004     app_ble_pem3.oem3 (.const:ti_sysbios_knl_Task_Module_State_inactiveQ__O)

.text.4    0    000005ec    0000761c     
                  000005ec    000003d0     driverlib.lib : setup.obj (.text:HapiTrimDeviceShutDown)
                  000009bc    00000354     RF.obj (.text:fsmActiveState)
                  00000d10    00000228     drivers_cc26xxware.aem3 : PowerCC26XX.oem3 (.text:Power_sleep)
                  00000f38    0000020c     RF.obj (.text:abortCmd)
                  00001144    00000204     driverlib.lib : sys_ctrl.obj (.text:SysCtrlSetRechargeBeforePowerDown)
                  00001348    000001fc     RF.obj (.text:RF_postCmd)
                  00001544    000001f4     rtsv7M3_T_le_eabi.lib : ull_div_t2.obj (.text)
                  00001738    000001d0     drivers_cc26xxware.aem3 : PowerCC26XX_calibrateRCOSC.oem3 (.text:calibrateRcoscHf1)
                  00001908    000001cc     PINCC26XX.obj (.text:PIN_init)
                  00001ad4    00000198     SPICC26XXDMA.obj (.text:SPICC26XXDMA_initIO)
                  00001c6c    00000180     drivers_cc26xxware.aem3 : PowerCC26XX_calibrateRCOSC.oem3 (.text:PowerCC26XX_doCalibrate)
                  00001dec    00000170     broadcaster.obj (.text:GAPRole_SetParameter)
                  00001f5c    00000160     simple_broadcaster.obj (.text:SimpleBLEBroadcaster_init)
                  000020bc    0000014c     SPICC26XXDMA.obj (.text:SPICC26XXDMA_open)
                  00002208    00000134     RF.obj (.text:rf_init)
                  0000233c    00000120     RF.obj (.text:hwiFxnCpe0Active)
                  0000245c    00000118     drivers_cc26xxware.aem3 : PowerCC26XX.oem3 (.text:Power_init)
                  00002574    00000118     RF.obj (.text:fsmSetupState)
                  0000268c    00000108     RF.obj (.text:RF_close)
                  00002794    00000100     broadcaster.obj (.text:gapRole_processGAPMsg)
                  00002894    000000fc     rtsv7M3_T_le_eabi.lib : fd_mul_t2.obj (.text)
                  00002990    000000f8     drivers_cc26xxware.aem3 : I2CCC26XX.oem3 (.text:I2CCC26XX_open)
                  00002a88    000000f4                             : I2CCC26XX.oem3 (.text:I2CCC26XX_hwiFxn)
                  00002b7c    000000f4     broadcaster.obj (.text:gapRole_taskFxn)
                  00002c70    000000ec     SPICC26XXDMA.obj (.text:SPICC26XXDMA_transferCancel)
                  00002d5c    000000ea     icall.obj (.text:ICall_primWaitMatch)
                  00002e46    00000002     driverlib.lib : rfc.obj (.text:NOROM_RFCRTrim)
                  00002e48    000000e8     SPICC26XXDMA.obj (.text:SPICC26XXDMA_configDMA)
                  00002f30    000000d4     broadcaster.obj (.text:GAPRole_GetParameter)
                  00003004    000000d4     drivers_cc26xxware.aem3 : PowerCC26XX.oem3 (.text:Power_releaseDependency)
                  000030d8    000000d0                             : PowerCC26XX.oem3 (.text:Power_setDependency)
                  000031a8    000000c8     SPICC26XXDMA.obj (.text:SPICC26XXDMA_transfer)
                  00003270    000000c4     RF.obj (.text:fsmPowerUpState)
                  00003334    000000c2     drivers_cc26xxware.aem3 : I2CCC26XX.oem3 (.text:I2CCC26XX_transfer)
                  000033f6    00000002     SPICC26XXDMA.obj (.text:SPICC26XXDMA_serviceISR)
                  000033f8    000000c0     RF.obj (.text:RF_open)
                  000034b8    000000bc     power_cc26xx_tirtos.aem3 : PowerCC26XX_tirtos.oem3 (.text:PowerCC26XX_standbyPolicy)
                  00003574    000000bc     RF.obj (.text:RF_pendCmd)
                  00003630    000000bc     RF.obj (.text:swiFxnHw)
                  000036ec    000000b4     SPICC26XXDMA.obj (.text:SPICC26XXDMA_hwiFxn)
                  000037a0    000000b0     PINCC26XX.obj (.text:PINCC26XX_setIoCfg)
                  00003850    000000b0     RF.obj (.text:RF_ratCapture)
                  00003900    000000ac     SPICC26XXDMA.obj (.text:SPICC26XXDMA_control)
                  000039ac    000000ac     simple_broadcaster.obj (.text:SimpleBLEBroadcaster_processAppMsg)
                  00003a58    000000a0     auto_init.aem3 : auto_init.oem3 (.text)
                  00003af8    000000a0     driverlib.lib : setup.obj (.text:trimDevice)
                  00003b98    0000009c     icall.obj (.text:ICall_heapMalloc)
                  00003c34    0000009c     icall.obj (.text:ICall_primSetTimer)
                  00003cd0    0000009c     rtsv7M3_T_le_eabi.lib : memcpy_t2.obj (.text)
                  00003d6c    00000098     RF.obj (.text:RF_yield)
                  00003e04    00000098     rom_sysbios.aem3 : rom_sysbios.obj (.text:ti_sysbios_knl_Clock_workFuncDynamic__E)
                  00003e9c    00000090     PINCC26XX.obj (.text:PIN_open)
                  00003f2c    00000090     drivers_cc26xxware.aem3 : PowerCC26XX.oem3 (.text:switchXOSCHFclockFunc)
                  00003fbc    0000008c                             : I2CCC26XX.oem3 (.text:I2CCC26XX_primeTransfer)
                  00004048    0000008c     driverlib.lib : osc.obj (.text:OSCHF_GetStartupTime)
                  000040d4    00000088     icall.obj (.text:ICall_createRemoteTasks)
                  0000415c    00000084     icall_cc2650.obj (.text:ICallPlatform_pwrUpdActivityCounter)
                  000041e0    00000080     RF.obj (.text:RF_ratDisableChannel)
                  00004260    0000007c     drivers_cc26xxware.aem3 : PowerCC26XX.oem3 (.text:disableLFClockQualifiers)
                  000042dc    0000007a     rtsv7M3_T_le_eabi.lib : memset_t2.obj (.text)
                  00004356    00000002     drivers_cc26xxware.aem3 : PowerCC26XX.oem3 (.text:emptyClockFunc)
                  00004358    00000078     icall.obj (.text:ICall_heapInit)
                  000043d0    00000078     icall.obj (.text:ICall_primSend)
                  00004448    00000074     icall.obj (.text:ICall_newTask)
                  000044bc    00000074     drivers_cc26xxware.aem3 : PowerCC26XX_calibrateRCOSC.oem3 (.text:PowerCC26XX_auxISR)
                  00004530    00000074                             : PowerCC26XX_calibrateRCOSC.oem3 (.text:calibrateRcoscHf2)
                  000045a4    00000074     RF.obj (.text:fsmPowerDownState)
                  00004618    00000070     driverlib.lib : chipinfo.obj (.text:ChipInfo_GetHwRevision)
                  00004688    00000070     icall.obj (.text:ICall_primEnroll)
                  000046f8    0000006c     driverlib.lib : setup.obj (.text:GetTrimForAmpcompCtrl)
                  00004764    0000006c     drivers_cc26xxware.aem3 : PowerCC26XX.oem3 (.text:PowerCC26XX_calibrate)
                  000047d0    0000006a     rtsv7M3_T_le_eabi.lib : copy_decompress_rle.obj (.text)
                  0000483a    00000002     app_ble_pem3.oem3 (.text:ti_sysbios_BIOS_nullFunc__I)
                  0000483c    00000068     PINCC26XX.obj (.text:PIN_add)
                  000048a4    00000068     RF.obj (.text:RF_getCurrentTime)
                  0000490c    00000068     driverlib.lib : sys_ctrl.obj (.text:SysCtrl_DCDC_VoltageConditionalControl)
                  00004974    00000068     adxl362.obj (.text:xl362readRegister)
                  000049dc    00000064     driverlib.lib : setup.obj (.text:GetTrimForAnabypassValue1)
                  00004a40    00000064     drivers_cc26xxware.aem3 : I2CCC26XX.oem3 (.text:I2CCC26XX_close)
                  00004aa4    00000064                             : I2CCC26XX.oem3 (.text:I2CCC26XX_initIO)
                  00004b08    00000064     RF.obj (.text:RF_ratCompare)
                  00004b6c    00000064     UDMACC26XX.obj (.text:UDMACC26XX_open)
                  00004bd0    00000064     RF.obj (.text:decActiveClientCnt)
                  00004c34    00000064     broadcaster.obj (.text:gapRole_init)
                  00004c98    00000064     rom_sysbios.aem3 : rom_sysbios.obj (.text:ti_sysbios_family_arm_cc26xx_Timer_start__E)
                  00004cfc    00000060     icall.obj (.text:ICall_primThreadServes)
                  00004d5c    00000060     PINCC26XX.obj (.text:PIN_remove)
                  00004dbc    00000060     RF.obj (.text:fsmPatchState)
                  00004e1c    00000060     drivers_cc26xxware.aem3 : PowerCC26XX_calibrateRCOSC.oem3 (.text:updateSubSecInc)
                  00004e7c    00000060     adxl362.obj (.text:xl362writeRegister)
                  00004edc    0000005c     opt3001.obj (.text:OPT3001_initialize)
                  00004f38    0000005c     driverlib.lib : osc.obj (.text:OSCHF_AttemptToSwitchToXosc)
                  00004f94    0000005c     drivers_cc26xxware.aem3 : PowerCC26XX_calibrateRCOSC.oem3 (.text:PowerCC26XX_RCOSC_clockFunc)
                  00004ff0    0000005c     RF.obj (.text:RF_getInfo)
                  0000504c    0000005c     SPICC26XXDMA.obj (.text:SPICC26XXDMA_initHw)
                  000050a8    0000005c     driverlib.lib : sys_ctrl.obj (.text:SysCtrlAdjustRechargeAfterPowerDown)
                  00005104    0000005c     app_ble_pem3.oem3 (.text:xdc_runtime_Startup_getState__I)
                  00005160    0000005a     SPICC26XXDMA.obj (.text:SPICC26XXDMA_close)
                  000051ba    00000058     drivers_cc26xxware.aem3 : I2CCC26XX.oem3 (.text:I2CCC26XX_swiFxn)
                  00005212    00000002     rom_sysbios.aem3 : rom_sysbios.obj (.text:ti_sysbios_knl_Clock_triggerFunc__I)
                  00005214    00000058     icall_cc2650.obj (.text:ICallPlatform_pwrRegisterNotify)
                  0000526c    00000058     drivers_cc26xxware.aem3 : PowerCC26XX_calibrateRCOSC.oem3 (.text:PowerCC26XX_initiateCalibration)
                  000052c4    00000058     simple_broadcaster.obj (.text:SimpleBLEBroadcaster_taskFxn)
                  0000531c    00000058     tmp100.obj (.text:TMP100_init)
                  00005374    00000058     tmp100.obj (.text:TMP100_readRegister)
                  000053cc    00000054     icall.obj (.text:ICall_primGetEntityId)
                  00005420    00000054     icall.obj (.text:ICall_primRegisterApp)
                  00005474    00000054     util.obj (.text:Util_constructClock)
                  000054c8    00000054     drivers_cc26xxware.aem3 : PowerCC26XX.oem3 (.text:configureXOSCHF)
                  0000551c    00000054     RF.obj (.text:dispatchOpWhen)
                  00005570    00000054     RF.obj (.text:fsmXOSCState)
                  000055c4    00000054     RF.obj (.text:hwiFxnHw)
                  00005618    00000054     RF.obj (.text:ratChanFree)
                  0000566c    00000052     icall.obj (.text:ICall_primWait)
                  000056be    00000002     app_ble_pem3.oem3 (.text:ti_sysbios_rom_cortexm_cc26xx_CC26xx_badRomRevision__E)
                  000056c0    00000050     icall_api.obj (.text:GAP_DeviceInit)
                  00005710    00000050     SPICC26XXDMA.obj (.text:SPICC26XXDMA_swiFxn)
                  00005760    00000050     driverlib.lib : setup.obj (.text:SetupCacheModeAccordingToCcfgSetting)
                  000057b0    00000050     RF.obj (.text:syncCb)
                  00005800    0000004c     driverlib.lib : osc.obj (.text:NOROM_OSCClockSourceSet)
                  0000584c    0000004c     RF.obj (.text:ratChanAlloc)
                  00005898    0000004c     rtsv7M3_T_le_eabi.lib : cpy_tbl.obj (.text)
                  000058e4    00000048     driverlib.lib : chipinfo.obj (.text:ChipInfo_GetChipFamily)
                  0000592c    00000048     icall_api.obj (.text:GAP_UpdateAdvertisingData)
                  00005974    00000048     drivers_cc26xxware.aem3 : I2CCC26XX.oem3 (.text:I2CCC26XX_initHw)
                  000059bc    00000048     driverlib.lib : ddi.obj (.text:NOROM_DDI16BitfieldWrite)
                  00005a04    00000048     RF.obj (.text:RF_runCmd)
                  00005a4c    00000048     drivers_cc26xxware.aem3 : PowerCC26XX.oem3 (.text:notify)
                  00005a94    00000044     main.obj (.text:AssertHandler)
                  00005ad8    00000044     icall_cc2650.obj (.text:ICallPlatform_pwrConfigACAction)
                  00005b1c    00000044     icall.obj (.text:ICall_primCreateTask)
                  00005b60    00000044     opt3001.obj (.text:OPT3001_readRegister)
                  00005ba4    00000044     PINCC26XX.obj (.text:PINCC26XX_getConfig)
                  00005be8    00000044     PINCC26XX.obj (.text:PIN_swi)
                  00005c2c    00000044     RF.obj (.text:RF_getRssi)
                  00005c70    00000044     boot.aem3 : boot.oem3 (.text)
                  00005cb4    00000044     rtsv7M3_T_le_eabi.lib : exit.obj (.text)
                  00005cf8    00000044                           : fd_tou_t2.obj (.text)
                  00005d3c    00000042     icall_api.obj (.text:sendWaitMatchValueCS)
                  00005d7e    00000002     rom_sysbios.aem3 : rom_sysbios.obj (.text:xdc_runtime_SysCallback_defaultAbort)
                  00005d80    00000040     icall_api.obj (.text:ICall_waitMatch)
                  00005dc0    00000040     driverlib.lib : ddi.obj (.text:NOROM_DDI16BitfieldRead)
                  00005e00    00000040     opt3001.obj (.text:OPT3001_readSensor)
                  00005e40    00000040     icall_api.obj (.text:sendWaitMatchCS)
                  00005e80    0000003e     icall_api.obj (.text:gapSendParamAndPtrCmd)
                  00005ebe    00000002     rom_sysbios.aem3 : rom_sysbios.obj (.text:xdc_runtime_SysCallback_defaultExit)
                  00005ec0    0000003c     broadcaster.obj (.text:GAPRole_createTask)
                  00005efc    0000003c     icall_api.obj (.text:GAP_GetParamValue)
                  00005f38    0000003c     icall.obj (.text:ICall_init)
                  00005f74    0000003c     driverlib.lib : rfc.obj (.text:NOROM_RFCSynthPowerDown)
                  00005fb0    0000003c                   : osc.obj (.text:OSC_HPOSCRelativeFrequencyOffsetGet)
                  00005fec    0000003c     SPICC26XXDMA.obj (.text:SPICC26XXDMA_csnCallback)
                  00006028    0000003c     simple_broadcaster.obj (.text:SimpleBLEBroadcaster_createTask)
                  00006064    0000003c     RF.obj (.text:postDirImmCmd)
                  000060a0    0000003a     RF.obj (.text:Q_push)
                  000060da    00000002     --HOLE-- [fill = 0]
                  000060dc    00000038     drivers_cc26xxware.aem3 : I2C.oem3 (.text:I2C_init)
                  00006114    00000038     icall.obj (.text:ICall_heapFree)
                  0000614c    00000038     icall.obj (.text:ICall_primGetMaxMSecs)
                  00006184    00000038     icall.obj (.text:ICall_searchTask)
                  000061bc    00000038     opt3001.obj (.text:OPT3001_writeRegister)
                  000061f4    00000038     PINCC26XX.obj (.text:PIN_setInterrupt)
                  0000622c    00000038     PINCC26XX.obj (.text:PIN_setOutputValue)
                  00006264    00000038     SPI.obj (.text:SPI_init)
                  0000629c    00000038     rom_sysbios.aem3 : rom_sysbios.obj (.text:ti_sysbios_family_arm_cc26xx_Timer_getCurrentTick__E)
                  000062d4    00000034     icall_api.obj (.text:GAP_SetParamValue)
                  00006308    00000034     broadcaster.obj (.text:ICall_fetchServiceMsg)
                  0000633c    00000034     simple_broadcaster.obj (.text:ICall_fetchServiceMsg)
                  00006370    00000034     icall.obj (.text:ICall_searchServiceEntity)
                  000063a4    00000034     driverlib.lib : osc.obj (.text:OSCHF_SwitchToRcOscTurnOffXosc)
                  000063d8    00000034     PINCC26XX.obj (.text:PIN_setConfig)
                  0000640c    00000034     drivers_cc26xxware.aem3 : PowerCC26XX.oem3 (.text:PowerCC26XX_isStableXOSC_HF)
                  00006440    00000034     util.obj (.text:Util_restartClock)
                  00006474    00000032     icall.obj (.text:ICall_msgEnqueue)
                  000064a6    00000032     icall.obj (.text:ICall_primFetchMsg)
                  000064d8    00000032     icall.obj (.text:ICall_primRegisterISR)
                  0000650a    00000032     icall.obj (.text:ICall_primRegisterISR_Ext)
                  0000653c    00000032     icall_api.obj (.text:matchGapSetGetParamCS)
                  0000656e    00000032     rom_sysbios.aem3 : rom_sysbios.obj (.text:ti_sysbios_family_arm_cc26xx_Timer_setNextTick__E)
                  000065a0    00000032     RF.obj (.text:updateImplicitState)
                  000065d2    00000002     --HOLE-- [fill = 0]
                  000065d4    00000030     drivers_cc26xxware.aem3 : I2C.oem3 (.text:I2C_open)
                  00006604    00000030     icall_cc2650.obj (.text:ICallPlatform_pwrNotify)
                  00006634    00000030     icall.obj (.text:ICall_msecs2Ticks)
                  00006664    00000030     drivers_cc26xxware.aem3 : PowerCC26XX.oem3 (.text:Power_releaseConstraint)
                  00006694    00000030                             : PowerCC26XX.oem3 (.text:Power_setConstraint)
                  000066c4    00000030     SPI.obj (.text:SPI_open)
                  000066f4    00000030     driverlib.lib : setup.obj (.text:SetAonRtcSubSecInc)
                  00006724    00000030     util.obj (.text:Util_enqueueMsg)
                  00006754    00000030     main.obj (.text:main)
                  00006784    00000030     app_ble_pem3.oem3 (.text:ti_sysbios_BIOS_atExitFunc__I)
                  000067b4    00000030     rom_sysbios.aem3 : rom_sysbios.obj (.text:ti_sysbios_family_arm_cc26xx_Timer_initDevice__I)
                  000067e4    00000030                      : rom_sysbios.obj (.text:ti_sysbios_family_arm_cc26xx_Timer_setThreshold__I)
                  00006814    0000002e     icall_cc2650.obj (.text:ICallPlatform_pwrDispenseImpl)
                  00006842    0000002e     icall_cc2650.obj (.text:ICallPlatform_pwrRequireImpl)
                  00006870    0000002e     SPICC26XXDMA.obj (.text:SPICC26XXDMA_flushFifos)
                  0000689e    0000002e     rtsv7M3_T_le_eabi.lib : i_tofd_t2.obj (.text)
                  000068cc    0000002c     simple_broadcaster.obj (.text:AppEnqueuEvent)
                  000068f8    0000002c     icall.obj (.text:ICall_primEntityId2ServiceId)
                  00006924    0000002c     icall.obj (.text:ICall_primFetchServiceMsg)
                  00006950    0000002c     broadcaster.obj (.text:ICall_registerApp)
                  0000697c    0000002c     simple_broadcaster.obj (.text:ICall_registerApp)
                  000069a8    0000002c     icall_api.obj (.text:ICall_sendServiceMsg)
                  000069d4    0000002c     PINCC26XX.obj (.text:PINCC26XX_setMux)
                  00006a00    0000002c     drivers_cc26xxware.aem3 : PowerCC26XX.oem3 (.text:PowerCC26XX_switchXOSC_HF)
                  00006a2c    0000002c     simple_broadcaster.obj (.text:SimpleBLEBroadcaster_stateChangeCB)
                  00006a58    0000002c     simple_broadcaster.obj (.text:TmrBeaconUpadte)
                  00006a84    0000002c     rom_sysbios.aem3 : rom_sysbios.obj (.text:ti_sysbios_knl_Clock_getTicksUntilInterrupt__E)
                  00006ab0    0000002a     icall.obj (.text:ICall_msgDequeue)
                  00006ada    0000002a     icall.obj (.text:ICall_msgPrepend)
                  00006b04    0000002a     icall.obj (.text:ICall_primAllocMsg)
                  00006b2e    0000002a     UDMACC26XX.obj (.text:UDMACC26XX_close)
                  00006b58    00000028     driverlib.lib : aon_batmon.obj (.text:AONBatMonTemperatureGetDegC)
                  00006b80    00000028     icall_api.obj (.text:ICall_allocMsg)
                  00006ba8    00000028     icall_api.obj (.text:ICall_getEntityId)
                  00006bd0    00000028     icall_api.obj (.text:ICall_getLocalMsgEntityId)
                  00006bf8    00000028     simple_broadcaster.obj (.text:ICall_malloc)
                  00006c20    00000028     util.obj (.text:ICall_malloc)
                  00006c48    00000028     icall_api.obj (.text:ICall_threadServes)
                  00006c70    00000028     drivers_cc26xxware.aem3 : PowerCC26XX.oem3 (.text:Power_registerNotify)
                  00006c98    00000028     driverlib.lib : adi.obj (.text:SafeHapiVoid)
                  00006cc0    00000028     adxl362.obj (.text:get_accleration)
                  00006ce8    00000028     rom_sysbios.aem3 : rom_sysbios.obj (.text:ti_sysbios_family_arm_cc26xx_Timer_getMaxTicks__E)
                  00006d10    00000026     drivers_cc26xxware.aem3 : List.oem3 (.text:List_put)
                  00006d36    00000026     icall_api.obj (.text:waitMatchCS)
                  00006d5c    00000024     broadcaster.obj (.text:GAPRole_StartDevice)
                  00006d80    00000024     driverlib.lib : setup.obj (.text:GetTrimForRadcExtCfg)
                  00006da4    00000024     RF.obj (.text:RF_ratHwOutput)
                  00006dc8    00000024     drivers_cc26xxware.aem3 : PowerCC26XX_calibrateRCOSC.oem3 (.text:getTdcSemaphore)
                  00006dec    00000024     RF.obj (.text:hwiFxnCpe0PowerFsm)
                  00006e10    00000024     app_ble_pem3.oem3 (.text:ti_sysbios_BIOS_registerRTSLock__I)
                  00006e34    00000024     app_ble_pem3.oem3 (.text:ti_sysbios_BIOS_removeRTSLock__I)
                  00006e58    00000024     app_ble_pem3.oem3 (.text:ti_sysbios_BIOS_startFunc__I)
                  00006e7c    00000022     icall.obj (.text:ICall_dispatch)
                  00006e9e    00000002     --HOLE-- [fill = 0]
                  00006ea0    00000020     driverlib.lib : setup.obj (.text:GetTrimForXoscHfCtl)
                  00006ec0    00000020     simple_broadcaster.obj (.text:ICall_free)
                  00006ee0    00000020     util.obj (.text:ICall_free)
                  00006f00    00000020     broadcaster.obj (.text:ICall_freeMsg)
                  00006f20    00000020     icall.obj (.text:ICall_freeMsg)
                  00006f40    00000020     icall_api.obj (.text:ICall_freeMsg)
                  00006f60    00000020     simple_broadcaster.obj (.text:ICall_freeMsg)
                  00006f80    00000020     icall.obj (.text:ICall_searchService)
                  00006fa0    00000020     broadcaster.obj (.text:ICall_wait)
                  00006fc0    00000020     simple_broadcaster.obj (.text:ICall_wait)
                  00006fe0    00000020     driverlib.lib : rfc.obj (.text:NOROM_RFCDoorbellSendTo)
                  00007000    00000020                   : rfc.obj (.text:NOROM_RFCRfTrimRead)
                  00007020    00000020     drivers_cc26xxware.aem3 : PowerCC26XX.oem3 (.text:Power_unregisterNotify)
                  00007040    00000020     tmp100.obj (.text:TMP100_getCurrentTemp)
                  00007060    00000020     broadcaster.obj (.text:gapRole_SetupGAP)
                  00007080    00000020     rtsv7M3_T_le_eabi.lib : u_tofd_t2.obj (.text)
                  000070a0    00000020     app_ble_pem3.oem3 (.text:ti_sysbios_BIOS_rtsLock__I)
                  000070c0    00000020     rom_sysbios.aem3 : rom_sysbios.obj (.text:ti_sysbios_knl_Clock_stop__E)
                  000070e0    0000001e     icall.obj (.text:ICall_primSendServiceMsg)
                  000070fe    0000001e     PINCC26XX.obj (.text:PIN_close)
                  0000711c    0000001e     drivers_cc26xxware.aem3 : PowerCC26XX.oem3 (.text:Power_getTransitionLatency)
                  0000713a    0000001e     icall_api.obj (.text:getStatusValueFromErrNo)
                  00007158    0000001c     driverlib.lib : setup.obj (.text:GetTrimForAmpcompTh2)
                  00007174    0000001c     icall.obj (.text:ICall_abort)
                  00007190    0000001c     icall.obj (.text:ICall_primService)
                  000071ac    0000001c     driverlib.lib : osc.obj (.text:NOROM_OSCClockSourceGet)
                  000071c8    0000001c     opt3001.obj (.text:OPT3001_intHandler)
                  000071e4    0000001c     PINCC26XX.obj (.text:PINCC26XX_setIoCfgMux)
                  00007200    0000001c     PINCC26XX.obj (.text:PIN_hwi)
                  0000721c    0000001c     drivers_cc26xxware.aem3 : PowerCC26XX.oem3 (.text:Power_idleFunc)
                  00007238    0000001c     RF.obj (.text:RF_getCmdOp)
                  00007254    0000001c     UDMACC26XX.obj (.text:UDMACC26XX_initHw)
                  00007270    0000001c     RF.obj (.text:applyExtraAdi3VcoLdoVoltageModeOverrideCC13xx)
                  0000728c    0000001c     RF.obj (.text:clkPowerUpFxn)
                  000072a8    0000001c     rom_sysbios.aem3 : rom_sysbios.obj (.text:ti_sysbios_family_arm_cc26xx_Timer_dynamicStub__E)
                  000072c4    0000001a     icall.obj (.text:ICall_enterCSImpl)
                  000072de    0000001a     icall.obj (.text:ICall_primMalloc)
                  000072f8    0000001a     icall.obj (.text:ICall_primSetTimerMSecs)
                  00007312    0000001a     drivers_cc26xxware.aem3 : List.oem3 (.text:List_remove)
                  0000732c    0000001a     util.obj (.text:Util_dequeueMsg)
                  00007346    00000002     --HOLE-- [fill = 0]
                  00007348    00000018     driverlib.lib : chipinfo.obj (.text:ChipInfo_GetPackageType)
                  00007360    00000018                   : setup.obj (.text:GetTrimForAdcShModeEn)
                  00007378    00000018                   : setup.obj (.text:GetTrimForAdcShVbufEn)
                  00007390    00000018                   : setup.obj (.text:GetTrimForAmpcompTh1)
                  000073a8    00000018                   : setup.obj (.text:GetTrimForDblrLoopFilterResetVoltage)
                  000073c0    00000018                   : setup.obj (.text:GetTrimForRcOscLfIBiasTrim)
                  000073d8    00000018                   : setup.obj (.text:GetTrimForRcOscLfRtuneCtuneTrim)
                  000073f0    00000018                   : setup.obj (.text:GetTrimForXoscLfRegulatorAndCmirrwrRatio)
                  00007408    00000018     icall_cc2650.obj (.text:ICallPlatform_pwrDispense)
                  00007420    00000018     icall_cc2650.obj (.text:ICallPlatform_pwrRequire)
                  00007438    00000018     icall.obj (.text:ICall_initPrim)
                  00007450    00000018     driverlib.lib : aon_rtc.obj (.text:NOROM_AONRTCCurrentCompareValueGet)
                  00007468    00000018                   : rfc.obj (.text:NOROM_RFCCpeIntGetAndClear)
                  00007480    00000018                   : osc.obj (.text:OSCHF_TurnOnXosc)
                  00007498    00000018     PINCC26XX.obj (.text:PIN_getConfig)
                  000074b0    00000018     RF.obj (.text:Q_pop)
                  000074c8    00000018     RF.obj (.text:RF_runDirectCmd)
                  000074e0    00000018     RF.obj (.text:RF_runImmediateCmd)
                  000074f8    00000018     drivers_cc26xxware.aem3 : PowerCC26XX.oem3 (.text:configureRFCoreClocks)
                  00007510    00000018     broadcaster.obj (.text:gapRole_setEvent)
                  00007528    00000018     rtsv7M3_T_le_eabi.lib : args_main.obj (.text)
                  00007540    00000018                           : ll_mul_t2.obj (.text)
                  00007558    00000018     RF.obj (.text:swiFxnFsm)
                  00007570    00000018     app_ble_pem3.oem3 (.text:ti_sysbios_BIOS_rtsUnlock__I)
                  00007588    00000018     rom_sysbios.aem3 : rom_sysbios.obj (.text:ti_sysbios_knl_Swi_or__E)
                  000075a0    00000018     app_ble_pem3.oem3 (.text:ti_sysbios_rom_cortexm_cc26xx_CC26xx_checkRevision__E)
                  000075b8    00000016     icall.obj (.text:ICall_leaveCSImpl)
                  000075ce    00000016     icall.obj (.text:ICall_primStopTimer)
                  000075e4    00000016     app_ble_pem3.oem3 (.text:ti_sysbios_BIOS_exitFunc__I)
                  000075fa    00000002     --HOLE-- [fill = 0]
                  000075fc    00000014     driverlib.lib : aon_rtc.obj (.text:NOROM_AONRTCCurrent64BitValueGet)
                  00007610    00000014     SPI.obj (.text:SPI_Params_init)
                  00007624    00000014     driverlib.lib : chipinfo.obj (.text:ThisCodeIsBuiltForCC26xxHwRev22AndLater_HaltIfViolated)
                  00007638    00000014     simple_broadcaster.obj (.text:enableBeacon)
                  0000764c    00000014     rtsv7M3_T_le_eabi.lib : _lock.obj (.text)
                  00007660    00000014     icall_api.obj (.text:setICallCmdEvtHdr)
                  00007674    00000014     app_ble_pem3.oem3 (.text:ti_sysbios_knl_Clock_doTick__I)
                  00007688    00000012     simple_broadcaster.obj (.text:SimpleBLEBroadcaster_processStateChangeEvt)
                  0000769a    00000012     app_ble_pem3.oem3 (.text:xdc_runtime_Startup_exec__I)
                  000076ac    00000010     RF.obj (.text:FsmDispatch)
                  000076bc    00000010     icall_api.obj (.text:GAP_EndDiscoverable)
                  000076cc    00000010     driverlib.lib : setup.obj (.text:GetTrimForXoscHfFastStart)
                  000076dc    00000010                   : setup.obj (.text:GetTrimForXoscHfIbiastherm)
                  000076ec    00000010     drivers_cc26xxware.aem3 : I2C.oem3 (.text:I2C_Params_init)
                  000076fc    00000010     icall_cc2650.obj (.text:ICallPlatform_pwrGetXOSCStartupTime)
                  0000770c    00000010     icall.obj (.text:ICall_primGetTickPeriod)
                  0000771c    00000010     icall.obj (.text:ICall_taskEntry)
                  0000772c    00000010     driverlib.lib : rfc.obj (.text:NOROM_RFCRfTrimSet)
                  0000773c    00000010     RF.obj (.text:RF_Params_init)
                  0000774c    00000010     util.obj (.text:Util_isActive)
                  0000775c    00000010     drivers_cc26xxware.aem3 : I2CCC26XX.oem3 (.text:i2cPostNotify)
                  0000776c    00000010     rom_sysbios.aem3 : rom_sysbios.obj (.text:ti_sysbios_family_arm_m3_Hwi_post__E)
                  0000777c    0000000e     icall_cc2650.obj (.text:ICallPlatform_pwrGetTransitionState)
                  0000778a    0000000e     icall_cc2650.obj (.text:ICallPlatform_pwrIsStableXOSCHF)
                  00007798    0000000e     icall.obj (.text:ICall_primDisableMInt)
                  000077a6    0000000e     icall.obj (.text:ICall_primEnableMInt)
                  000077b4    0000000e     icall.obj (.text:ICall_primFreeMsg)
                  000077c2    0000000e     icall.obj (.text:ICall_primGetTicks)
                  000077d0    0000000e     driverlib.lib : vims.obj (.text:NOROM_VIMSModeGet)
                  000077de    0000000e     SPICC26XXDMA.obj (.text:SPICC26XXDMA_init)
                  000077ec    0000000e     driverlib.lib : setup.obj (.text:SignExtendVddrTrimValue)
                  000077fa    0000000e     util.obj (.text:Util_constructQueue)
                  00007808    0000000e     rtsv7M3_T_le_eabi.lib : copy_decompress_none.obj (.text:decompress:none)
                  00007816    0000000e     rom_sysbios.aem3 : rom_sysbios.obj (.text:ti_sysbios_family_arm_cc26xx_TimestampProvider_get32__E)
                  00007824    0000000c     RF.obj (.text:FsmNextState)
                  00007830    0000000c     icall_api.obj (.text:GAP_MakeDiscoverable)
                  0000783c    0000000c     icall.obj (.text:ICall_clockFunc)
                  00007848    0000000c     icall.obj (.text:ICall_primDisableInt)
                  00007854    0000000c     icall.obj (.text:ICall_primEnableInt)
                  00007860    0000000c     icall.obj (.text:ICall_primFree)
                  0000786c    0000000c     icall.obj (.text:ICall_primSignal)
                  00007878    0000000c     driverlib.lib : cpu.obj (.text:NOROM_CPUcpsid)
                  00007884    0000000c                   : cpu.obj (.text:NOROM_CPUcpsie)
                  00007890    0000000c     opt3001.obj (.text:OPT3001_getCurrnetLux)
                  0000789c    0000000c     PINCC26XX.obj (.text:PIN_registerIntCb)
                  000078a8    0000000c     drivers_cc26xxware.aem3 : PowerCC26XX.oem3 (.text:Power_getConstraintMask)
                  000078b4    0000000c                             : PowerCC26XX.oem3 (.text:Power_getDependencyCount)
                  000078c0    0000000c                             : PowerCC26XX.oem3 (.text:Power_getTransitionState)
                  000078cc    0000000c     ble_user_config.obj (.text:RegisterAssertCback)
                  000078d8    0000000c     adxl362.obj (.text:adxl362_isAwake)
                  000078e4    0000000c     adxl362.obj (.text:adxl362_isDataReady)
                  000078f0    0000000c     rtsv7M3_T_le_eabi.lib : copy_zero_init.obj (.text:decompress:ZI)
                  000078fc    0000000c     broadcaster.obj (.text:gapRole_processStackMsg)
                  00007908    0000000c     opt3001.obj (.text:huiPinIntCb)
                  00007914    0000000c     SPICC26XXDMA.obj (.text:spiPostNotify)
                  00007920    0000000c     rom_sysbios.aem3 : rom_sysbios.obj (.text:ti_sysbios_BIOS_getThreadType__E)
                  0000792c    0000000c                      : rom_sysbios_config.obj (.text:ti_sysbios_hal_Hwi_Params__init__S)
                  00007938    0000000c                      : rom_sysbios.obj (.text:ti_sysbios_knl_Swi_getTrigger__E)
                  00007944    0000000c     app_ble_pem3.oem3 (.text:xdc_runtime_Startup_reset__I)
                  00007950    0000000a     drivers_cc26xxware.aem3 : I2CCC26XX.oem3 (.text:I2CCC26XX_init)
                  0000795a    0000000a                             : I2C.oem3 (.text:I2C_transfer)
                  00007964    0000000a     icall_cc2650.obj (.text:ICallPlatform_pwrSwitchXOSCHF)
                  0000796e    0000000a     icall.obj (.text:ICall_primE2S)
                  00007978    0000000a     drivers_cc26xxware.aem3 : List.oem3 (.text:List_empty)
                  00007982    0000000a     opt3001.obj (.text:OPT3001_startMeasureContinious)
                  0000798c    0000000a     opt3001.obj (.text:OPT3001_stopMeasure)
                  00007996    0000000a     SPI.obj (.text:SPI_transfer)
                  000079a0    0000000a     UDMACC26XX.obj (.text:UDMACC26XX_hwiIntFxn)
                  000079aa    00000008     drivers_cc26xxware.aem3 : I2CCC26XX.oem3 (.text:I2CCC26XX_blockingCallback)
                  000079b2    00000008     RF.obj (.text:RF_flushCmd)
                  000079ba    00000008     SPICC26XXDMA.obj (.text:SPICC26XXDMA_transferCallback)
                  000079c2    00000006     drivers_cc26xxware.aem3 : I2CCC26XX.oem3 (.text:I2CCC26XX_control)
                  000079c8    00000006     icall.obj (.text:ICall_mallocImpl)
                  000079ce    00000006     driverlib.lib : cpu.obj (.text:NOROM_CPUdelay)
                  000079d4    00000006     rom_sysbios.aem3 : rom_sysbios.obj (.text:__xdc__init)
                  000079da    00000006     adxl362.obj (.text:adxl362GetStatus)
                  000079e0    00000006     RF.obj (.text:clkInactivityFxn)
                  000079e6    00000006     rtsv7M3_T_le_eabi.lib : copy_decompress_rle.obj (.text:decompress:rle24)
                  000079ec    00000006     adxl362.obj (.text:hAdxlPinIntCb)
                  000079f2    00000006     icall_api.obj (.text:matchGapDeviceInitCS)
                  000079f8    00000006     icall_api.obj (.text:matchGapEndDiscoverableCS)
                  000079fe    00000006     icall_api.obj (.text:matchGapGetParamCS)
                  00007a04    00000006     icall_api.obj (.text:matchGapMakeDiscoverableCS)
                  00007a0a    00000006     icall_api.obj (.text:matchGapSetParamCS)
                  00007a10    00000006     icall_api.obj (.text:matchGapUpdateAdvDataCS)
                  00007a16    00000006     rom_sysbios.aem3 : rom_sysbios.obj (.text:ti_sysbios_family_arm_m3_Hwi_setFunc__E)
                  00007a1c    00000004     tirtosport.aem3 : HwiP_tirtos.oem3 (.text:HwiP_disable)
                  00007a20    00000004     drivers_cc26xxware.aem3 : List.oem3 (.text:List_head)
                  00007a24    00000004                             : List.oem3 (.text:List_next)
                  00007a28    00000004     RF.obj (.text:Q_peek)
                  00007a2c    00000004     drivers_cc26xxware.aem3 : PowerCC26XX.oem3 (.text:nopResourceHandler)
                  00007a30    00000004     rom_sysbios.aem3 : rom_sysbios.obj (.text:ti_sysbios_family_arm_cc26xx_Timer_getCount64__E)
                  00007a34    00000004                      : rom_sysbios.obj (.text:ti_sysbios_knl_Clock_isActive__E)
                  00007a38    00000008     (.tramp.xdc_runtime_Core_assignParams__I.1)
                  00007a40    00000008     (.tramp.ti_sysbios_hal_Hwi_HwiProxy_enableInterrupt__E.1)
                  00007a48    00000008     (.tramp.ti_sysbios_hal_Hwi_HwiProxy_disableInterrupt__E.1)
                  00007a50    00000008     (.tramp.ti_sysbios_knl_Queue_construct.1)
                  00007a58    00000008     (.tramp.ti_sysbios_knl_Task_enable__E.1)
                  00007a60    00000008     (.tramp.ti_sysbios_family_arm_m3_Hwi_enableFxn__E.1)
                  00007a68    00000008     (.tramp.xdc_runtime_Startup_startMods__I.1)
                  00007a70    00000008     (.tramp.ti_sysbios_knl_Clock_logTick__E.1)
                  00007a78    00000008     (.tramp.ti_sysbios_BIOS_RtsGateProxy_leave__E.1)
                  00007a80    00000008     (.tramp.ti_sysbios_knl_Queue_get__E.1)
                  00007a88    00000008     (.tramp.ti_sysbios_BIOS_RtsGateProxy_enter__E.1)
                  00007a90    00000008     (.tramp.ti_sysbios_knl_Task_startup__E.1)
                  00007a98    00000008     (.tramp.ti_sysbios_knl_Swi_startup__E.1)
                  00007aa0    00000008     (.tramp.ti_sysbios_hal_Hwi_HwiProxy_startup__E.1)
                  00007aa8    00000008     (.tramp.ti_sysbios_family_arm_cc26xx_Timer_startup__E.1)
                  00007ab0    00000008     (.tramp.xdc_runtime_System_atexit__E.1)
[...]
1001c2d1  ti_sysbios_knl_Queue_destruct                                             
1001c2d5  ti_sysbios_knl_Queue_head__E                                              
1001c2d9  ti_sysbios_knl_Queue_next__E                                              
1001c2dd  ti_sysbios_knl_Semaphore_delete                                           
1001c2e1  ti_sysbios_knl_Semaphore_destruct                                         
1001c2e5  ti_sysbios_knl_Swi_delete                                                 
1001c2e9  ti_sysbios_knl_Swi_destruct                                               
1001c2ed  ti_sysbios_knl_Swi_postInit__I                                            
1001c2f1  ti_sysbios_knl_Task_SupportProxy_Module__startupDone__S                   
1001c2f5  ti_sysbios_knl_Task_SupportProxy_getStackAlignment__E                     
1001c2f9  ti_sysbios_knl_Task_SupportProxy_start__E                                 
1001c2fd  ti_sysbios_knl_Task_SupportProxy_swap__E                                  
1001c301  ti_sysbios_knl_Task_delete                                                
1001c305  ti_sysbios_knl_Task_destruct                                              
1001c309  ti_sysbios_knl_Task_startup__E                                            
1001c30d  xdc_runtime_Startup_startMods__I                                          
1001c405  xdc_runtime_Core_createObject__I                                          
1001c487  xdc_runtime_Error_policySpin__E                                           
1001c489  xdc_runtime_Memory_alloc__E                                               
1001c4f9  xdc_runtime_Core_deleteObject__I                                          
1001c559  xdc_runtime_Startup_exec__E                                               
1001c5a9  xdc_runtime_Assert_raise__I                                               
1001c5f1  xdc_runtime_Core_assignParams__I                                          
1001c639  xdc_runtime_Core_constructObject__I                                       
1001c681  xdc_runtime_System_atexit__E                                              
1001c6b9  xdc_runtime_System_processAtExit__E                                       
1001c6ed  xdc_runtime_Core_assignLabel__I                                           
1001c71d  xdc_runtime_Text_cordText__E                                              
1001c749  xdc_runtime_System_abort__E                                               
1001c769  xdc_runtime_Error_raiseX__E                                               
1001c785  xdc_runtime_Memory_valloc__E                                              
1001c7a1  xdc_runtime_Core_destructObject__I                                        
1001c7b9  xdc_runtime_Error_check__E                                                
1001c7d1  xdc_runtime_System_exit__E                                                
1001c7e9  xdc_runtime_Text_ropeText__E                                              
1001c801  xdc_runtime_Memory_free__E                                                
1001c811  xdc_runtime_SysCallback_abort__E                                          
1001c821  xdc_runtime_SysCallback_exit__E                                           
1001c831  xdc_runtime_Timestamp_SupportProxy_get32__E                               
1001c831  xdc_runtime_Timestamp_get32__E                                            
1001c841  xdc_runtime_Error_init__E                                                 
1001c84d  xdc_runtime_Memory_calloc__E                                              
1001c859  xdc_runtime_Memory_getMaxDefaultTypeAlign__E                              
1001c879  xdc_runtime_Gate_leaveSystem__E                                           
1001c87f  xdc_runtime_System_Module_startup__E                                      
1001c885  xdc_runtime_Gate_enterSystem__E                                           
1001c889  xdc_runtime_Memory_HeapProxy_alloc__E                                     
1001c88d  xdc_runtime_Memory_HeapProxy_free__E                                      
1001c891  xdc_runtime_System_Module_GateProxy_enter__E                              
1001c895  xdc_runtime_System_Module_GateProxy_leave__E                              
1001c899  xdc_runtime_System_abortSpin__E                                           
1001c89b  xdc_runtime_System_exitSpin__E                                            
1001c89d  ti_sysbios_family_arm_m3_Hwi_dispatch__I                                  
1001c96d  ti_sysbios_family_arm_m3_TaskSupport_buildTaskStack                       
1001c9b9  ti_sysbios_family_arm_m3_Hwi_initStacks__E                                
1001ca01  ti_sysbios_family_arm_m3_Hwi_excHandlerAsm__I                             
1001ca21  ti_sysbios_family_xxx_Hwi_switchAndRunFunc                                
1001ca3f  ti_sysbios_family_arm_m3_Hwi_pendSV__I                                    
1001ca57  ti_sysbios_family_arm_m3_Hwi_return                                       
1001ca59  ti_sysbios_family_arm_m3_TaskSupport_glue                                 
1001ca69  ti_sysbios_family_arm_m3_TaskSupport_swap__E                              
1001ca71  ti_sysbios_knl_Task_swapReturn                                            
1001ca9b  ti_sysbios_rom_cortexm_cc26xx_CC26xx_getRevision__E                       
20000000  ti_sysbios_family_arm_m3_Hwi_ramVectors                                   
20000100  ti_sysbios_knl_Task_Module__state__V                                      
20000144  ti_sysbios_family_arm_m3_Hwi_Module__state__V                             
20000178  ti_sysbios_knl_Clock_Module__state__V                                     
200001a4  ti_sysbios_BIOS_Module__state__V                                          
200001c8  ti_sysbios_knl_Swi_Module__state__V                                       
200001e4  ti_sysbios_family_arm_cc26xx_Timer_Module__state__V                       
200001ec  ti_sysbios_family_arm_cc26xx_TimestampProvider_Module__state__V           
200001f0  xdc_runtime_Startup_Module__state__V                                      
200001f8  xdc_runtime_System_Module__state__V                                       
20000200  xdc_runtime_Memory_Module__state__V                                       
20000520  PowerCC26XX_module                                                        
2000062c  ti_sysbios_family_arm_cc26xx_Timer_Module__root__V                        
20000634  ti_sysbios_family_arm_m3_Hwi_Module__root__V                              
2000063c  ti_sysbios_family_arm_m3_Hwi_Object__table__V                             
20000654  ti_sysbios_family_arm_m3_Hwi_Module_State_0_excActive__A                  
20000658  ti_sysbios_family_arm_m3_Hwi_Module_State_0_excContext__A                 
2000065c  ti_sysbios_family_arm_m3_Hwi_Module_State_0_excStack__A                   
20000660  ti_sysbios_gates_GateHwi_Module__root__V                                  
20000668  ti_sysbios_gates_GateHwi_Object__table__V                                 
2000066c  ti_sysbios_gates_GateMutex_Module__root__V                                
20000674  ti_sysbios_hal_Hwi_Module__root__V                                        
2000067c  ti_sysbios_heaps_HeapMem_Module__root__V                                  
20000684  ti_sysbios_heaps_HeapMem_Object__table__V                                 
2000069c  ti_sysbios_knl_Clock_Module__root__V                                      
200006a4  ti_sysbios_knl_Clock_Object__table__V                                     
200006c4  ti_sysbios_knl_Event_Module__root__V                                      
200006cc  ti_sysbios_knl_Mailbox_Module__root__V                                    
200006d4  ti_sysbios_knl_Queue_Module__root__V                                      
200006dc  ti_sysbios_knl_Semaphore_Module__root__V                                  
200006e4  ti_sysbios_knl_Swi_Module__root__V                                        
200006ec  ti_sysbios_knl_Task_Module__root__V                                       
200006f4  ti_sysbios_knl_Task_Module_State_0_idleTask__A                            
200006f8  __xdc__init__addr                                                         
2000074c  rfRegTbl                                                                  
2000079c  ti_sysbios_knl_Task_Object__table__V                                      
200007e8  ti_sysbios_family_arm_cc26xx_Timer_Object__table__V                       
20000830  dispHandle                                                                
20000870  ti_sysbios_gates_GateMutex_Object__table__V                               
200008a8  ti_sysbios_knl_Swi_Module_State_0_readyQ__A                               
200008d8  ti_sysbios_knl_Swi_Object__table__V                                       
20000908  ti_sysbios_knl_Task_Module_State_0_readyQ__A                              
20000938  user0Cfg                                                                  
20000964  ICall_enterCriticalSection                                                
20000968  ICall_leaveCriticalSection                                                
2000096c  ICall_dispatcher                                                          
20000970  lastAppOpcodeSent                                                         
20000974  pfnBMAlloc                                                                
20000978  pfnBMFree                                                                 
20000984  _lock                                                                     
20000988  _unlock                                                                   
2000098c  __TI_cleanup_ptr                                                          
20000990  __TI_dtors_ptr                                                            
20000998  appAssertCback                                                            
200009a0  main_func_sp                                                              
200009a8  ti_sysbios_heaps_HeapMem_Instance_State_0_buf__A                          
20001028  sbbTaskStack                                                              
200012e4  gapRoleTaskStack                                                          
200014ec  HEAPMGR_SIZE                                                              
200014f0  ti_sysbios_knl_Task_Instance_State_0_stack__A                             
20001830  i2cCC26xxObjects                                                          
20001910  spiCC26XXDMAObjects                                                       
200019ec  ti_sysbios_family_arm_m3_Hwi_dispatchTable                                
20001ab4  PIN_HandleTable                                                           
20001b30  gapRoleTask                                                               
20001b80  sbbTask                                                                   
20001cd8  beaconUpdateClock                                                         
20001d88  udmaObjects                                                               
20001e60  hAxlPin                                                                   
20001ea0  PIN_NumPins                                                               
20001eac  boardI2c                                                                  
20001eb0  boardSpi                                                                  
20001eb8  hSpi                                                                      
20001eec  rxBuffer                                                                  
20001f00  txBuffer                                                                  
20001f16  driverlib_release_0_45566                                                 
20001f22  heapStart                                                                 
200041f8  __stack                                                                   
200041f8  heapEnd                                                                   
200045f8  __STACK_END                                                               
200045f8  __STACK_TOP                                                               
20004f2c  A4_rw                                                                     
20004f2c  COMMON_RAM_BASE_ADDR                                                      
20004f40  P2_rw                                                                     
20004f40  P2_s0                                                                     
20004f40  eccRom_windowSize                                                         
20004f44  eccRom_workzone                                                           
20004f48  eccRom_param_p                                                            
20004f4c  eccRom_param_r                                                            
20004f50  eccRom_param_a                                                            
20004f54  inScalar                                                                  
20004f58  inPointX                                                                  
20004f5c  inPointY                                                                  
20004f60  outPointX                                                                 
20004f64  outPointY                                                                 
20004f68  SCAL                                                                      
20004f6c  EXPX                                                                      
20004f70  EXPY                                                                      
20004f74  EXPZ                                                                      
20004f78  EXPW                                                                      
20004f7c  ACCX                                                                      
20004f80  ACCY                                                                      
20004f84  ACCZ                                                                      
20004f88  TMP1                                                                      
20004f8c  TMP2                                                                      
20004f90  TMP3                                                                      
20004f94  TMP4                                                                      
20004f98  TMP5                                                                      
20004f9c  TMP6                                                                      
20004fa0  eccRom_param_Gx                                                           
20004fa4  eccRom_param_Gy                                                           
20004fa8  eccRom_param_b                                                            
20004fac  P2_zi                                                                     
20004fac  ratChanInfo                                                               
20004fcc  fwInfoCmd                                                                 
20004fd8  MSBMOD                                                                    
20004fdc  aux64                                                                     
20004fe4  MOD                                                                       
20004fe8  LEN                                                                       
20004ffc  pSspAesEncrypt_Sw                                                         
e000e000  ti_sysbios_family_arm_m3_Hwi_nvic                                         
ffffffff  __binit__                                                                 
ffffffff  __c_args__                                                                
ffffffff  binit                                                                     
UNDEFED   HwiP_restore                                                              
UNDEFED   SHT$$INIT_ARRAY$$Base                                                     
UNDEFED   SHT$$INIT_ARRAY$$Limit                                                    
UNDEFED   ti_sysbios_BIOS_RtsGateProxy_Handle__label__S__mangled__                  
UNDEFED   ti_sysbios_BIOS_RtsGateProxy_Object__delete__S__mangled__                 
UNDEFED   ti_sysbios_BIOS_RtsGateProxy_Params__init__S__mangled__                   
UNDEFED   ti_sysbios_BIOS_RtsGateProxy_query__E__mangled__                          
UNDEFED   ti_sysbios_hal_Hwi_HwiProxy_Module__startupDone__S__mangled__             
UNDEFED   ti_sysbios_hal_Hwi_HwiProxy_Object__delete__S__mangled__                  
UNDEFED   ti_sysbios_hal_Hwi_HwiProxy_Params__init__S__mangled__                    
UNDEFED   ti_sysbios_hal_Hwi_HwiProxy_disableInterrupt__E__mangled__                
UNDEFED   ti_sysbios_hal_Hwi_HwiProxy_enableInterrupt__E__mangled__                 
UNDEFED   ti_sysbios_hal_Hwi_HwiProxy_getStackInfo__E__mangled__                    
UNDEFED   ti_sysbios_hal_Hwi_HwiProxy_startup__E__mangled__                         
UNDEFED   ti_sysbios_hal_Hwi_HwiProxy_switchFromBootStack__E__mangled__             
UNDEFED   ti_sysbios_hal_Hwi_disableInterrupt__E                                    
UNDEFED   ti_sysbios_hal_Hwi_enableInterrupt__E                                     
UNDEFED   ti_sysbios_hal_Hwi_getStackInfo__E                                        
UNDEFED   ti_sysbios_hal_Hwi_startup__E                                             
UNDEFED   ti_sysbios_hal_Hwi_switchFromBootStack__E                                 
UNDEFED   ti_sysbios_heaps_HeapMem_Module_GateProxy_Handle__label__S__mangled__     
UNDEFED   ti_sysbios_heaps_HeapMem_Module_GateProxy_Object__delete__S__mangled__    
UNDEFED   ti_sysbios_heaps_HeapMem_Module_GateProxy_Params__init__S__mangled__      
UNDEFED   ti_sysbios_heaps_HeapMem_Module_GateProxy_query__E__mangled__             
UNDEFED   ti_sysbios_knl_Clock_TimerProxy_Module__startupDone__S__mangled__         
UNDEFED   ti_sysbios_knl_Clock_TimerProxy_startup__E__mangled__                     
UNDEFED   ti_sysbios_knl_Task_SupportProxy_Module__startupDone__S__mangled__        
UNDEFED   ti_sysbios_knl_Task_SupportProxy_getStackAlignment__E__mangled__          
UNDEFED   ti_sysbios_knl_Task_SupportProxy_start__E__mangled__                      
UNDEFED   ti_sysbios_knl_Task_SupportProxy_swap__E__mangled__                       
UNDEFED   xdc_runtime_Main_Module_GateProxy_Handle__label__S                        
UNDEFED   xdc_runtime_Main_Module_GateProxy_Object__delete__S                       
UNDEFED   xdc_runtime_Main_Module_GateProxy_query__E                                
UNDEFED   xdc_runtime_Memory_HeapProxy_Handle__label__S__mangled__                  
UNDEFED   xdc_runtime_Memory_HeapProxy_Object__delete__S__mangled__                 
UNDEFED   xdc_runtime_System_Module_GateProxy_Handle__label__S__mangled__           
UNDEFED   xdc_runtime_System_Module_GateProxy_Object__delete__S__mangled__          
UNDEFED   xdc_runtime_System_Module_GateProxy_query__E__mangled__                   
UNDEFED   xdc_runtime_System_SupportProxy_abort__E                                  
UNDEFED   xdc_runtime_System_SupportProxy_exit__E                                   
UNDEFED   xdc_runtime_Timestamp_SupportProxy_get64__E__mangled__                    
UNDEFED   xdc_runtime_Timestamp_SupportProxy_getFreq__E__mangled__                  
UNDEFED   xdc_runtime_Timestamp_get32__E                                            
UNDEFED   xdc_runtime_Timestamp_get64__E                                            
UNDEFED   xdc_runtime_Timestamp_getFreq__E                                          

[1012 symbols]
